<?xml version="1.0"?>
<link_info>
   <banner>TI ARM Linker PC v15.12.1.LTS</banner>
   <copyright>Copyright (c) 1996-2015 Texas Instruments Incorporated</copyright>
   <link_time>0x58b4aee7</link_time>
   <link_errors>0x0</link_errors>
   <output_file>main.c.out</output_file>
   <entry_point>
      <name>_c_int00</name>
      <address>0x10245</address>
   </entry_point>
   <input_file_list>
      <input_file id="fl-2">
         <path>.\</path>
         <kind>object</kind>
         <file>main.obj</file>
         <name>main.obj</name>
      </input_file>
      <input_file id="fl-3">
         <path>.\</path>
         <kind>object</kind>
         <file>tm4c123gh6pm_startup_ccs.obj</file>
         <name>tm4c123gh6pm_startup_ccs.obj</name>
      </input_file>
      <input_file id="fl-4">
         <path>.\utils\</path>
         <kind>object</kind>
         <file>bmp180.obj</file>
         <name>bmp180.obj</name>
      </input_file>
      <input_file id="fl-5">
         <path>.\utils\</path>
         <kind>object</kind>
         <file>bno055.obj</file>
         <name>bno055.obj</name>
      </input_file>
      <input_file id="fl-6">
         <path>.\utils\</path>
         <kind>object</kind>
         <file>conversions.obj</file>
         <name>conversions.obj</name>
      </input_file>
      <input_file id="fl-7">
         <path>.\utils\</path>
         <kind>object</kind>
         <file>i2c.obj</file>
         <name>i2c.obj</name>
      </input_file>
      <input_file id="fl-8">
         <path>.\utils\</path>
         <kind>object</kind>
         <file>uart.obj</file>
         <name>uart.obj</name>
      </input_file>
      <input_file id="fl-9">
         <path>.\utils\</path>
         <kind>object</kind>
         <file>uartstdio.obj</file>
         <name>uartstdio.obj</name>
      </input_file>
      <input_file id="fl-10">
         <path>C:\ti\TivaWare_C_Series-2.1.3.156\driverlib\ccs\Debug\</path>
         <kind>archive</kind>
         <file>driverlib.lib</file>
         <name>fpu.obj</name>
      </input_file>
      <input_file id="fl-11">
         <path>C:\ti\TivaWare_C_Series-2.1.3.156\driverlib\ccs\Debug\</path>
         <kind>archive</kind>
         <file>driverlib.lib</file>
         <name>gpio.obj</name>
      </input_file>
      <input_file id="fl-12">
         <path>C:\ti\TivaWare_C_Series-2.1.3.156\driverlib\ccs\Debug\</path>
         <kind>archive</kind>
         <file>driverlib.lib</file>
         <name>i2c.obj</name>
      </input_file>
      <input_file id="fl-13">
         <path>C:\ti\TivaWare_C_Series-2.1.3.156\driverlib\ccs\Debug\</path>
         <kind>archive</kind>
         <file>driverlib.lib</file>
         <name>interrupt.obj</name>
      </input_file>
      <input_file id="fl-14">
         <path>C:\ti\TivaWare_C_Series-2.1.3.156\driverlib\ccs\Debug\</path>
         <kind>archive</kind>
         <file>driverlib.lib</file>
         <name>sysctl.obj</name>
      </input_file>
      <input_file id="fl-15">
         <path>C:\ti\TivaWare_C_Series-2.1.3.156\driverlib\ccs\Debug\</path>
         <kind>archive</kind>
         <file>driverlib.lib</file>
         <name>timer.obj</name>
      </input_file>
      <input_file id="fl-16">
         <path>C:\ti\TivaWare_C_Series-2.1.3.156\driverlib\ccs\Debug\</path>
         <kind>archive</kind>
         <file>driverlib.lib</file>
         <name>uart.obj</name>
      </input_file>
      <input_file id="fl-17">
         <path>C:\ti\TivaWare_C_Series-2.1.3.156\driverlib\ccs\Debug\</path>
         <kind>archive</kind>
         <file>driverlib.lib</file>
         <name>cpu.obj</name>
      </input_file>
      <input_file id="fl-cd">
         <path>C:\ti\ccsv6\tools\compiler\ti-cgt-arm_15.12.1.LTS\lib\</path>
         <kind>archive</kind>
         <file>rtsv7M4_T_le_v4SPD16_eabi.lib</file>
         <name>boot.obj</name>
      </input_file>
      <input_file id="fl-ce">
         <path>C:\ti\ccsv6\tools\compiler\ti-cgt-arm_15.12.1.LTS\lib\</path>
         <kind>archive</kind>
         <file>rtsv7M4_T_le_v4SPD16_eabi.lib</file>
         <name>copy_decompress_none.obj</name>
      </input_file>
      <input_file id="fl-cf">
         <path>C:\ti\ccsv6\tools\compiler\ti-cgt-arm_15.12.1.LTS\lib\</path>
         <kind>archive</kind>
         <file>rtsv7M4_T_le_v4SPD16_eabi.lib</file>
         <name>copy_decompress_rle.obj</name>
      </input_file>
      <input_file id="fl-d0">
         <path>C:\ti\ccsv6\tools\compiler\ti-cgt-arm_15.12.1.LTS\lib\</path>
         <kind>archive</kind>
         <file>rtsv7M4_T_le_v4SPD16_eabi.lib</file>
         <name>copy_zero_init.obj</name>
      </input_file>
      <input_file id="fl-d1">
         <path>C:\ti\ccsv6\tools\compiler\ti-cgt-arm_15.12.1.LTS\lib\</path>
         <kind>archive</kind>
         <file>rtsv7M4_T_le_v4SPD16_eabi.lib</file>
         <name>e_pow.obj</name>
      </input_file>
      <input_file id="fl-d2">
         <path>C:\ti\ccsv6\tools\compiler\ti-cgt-arm_15.12.1.LTS\lib\</path>
         <kind>archive</kind>
         <file>rtsv7M4_T_le_v4SPD16_eabi.lib</file>
         <name>e_sqrt.obj</name>
      </input_file>
      <input_file id="fl-d3">
         <path>C:\ti\ccsv6\tools\compiler\ti-cgt-arm_15.12.1.LTS\lib\</path>
         <kind>archive</kind>
         <file>rtsv7M4_T_le_v4SPD16_eabi.lib</file>
         <name>errno.obj</name>
      </input_file>
      <input_file id="fl-d4">
         <path>C:\ti\ccsv6\tools\compiler\ti-cgt-arm_15.12.1.LTS\lib\</path>
         <kind>archive</kind>
         <file>rtsv7M4_T_le_v4SPD16_eabi.lib</file>
         <name>exit.obj</name>
      </input_file>
      <input_file id="fl-d5">
         <path>C:\ti\ccsv6\tools\compiler\ti-cgt-arm_15.12.1.LTS\lib\</path>
         <kind>archive</kind>
         <file>rtsv7M4_T_le_v4SPD16_eabi.lib</file>
         <name>fd_add_t2.obj</name>
      </input_file>
      <input_file id="fl-d6">
         <path>C:\ti\ccsv6\tools\compiler\ti-cgt-arm_15.12.1.LTS\lib\</path>
         <kind>archive</kind>
         <file>rtsv7M4_T_le_v4SPD16_eabi.lib</file>
         <name>fd_cmp_t2.obj</name>
      </input_file>
      <input_file id="fl-d7">
         <path>C:\ti\ccsv6\tools\compiler\ti-cgt-arm_15.12.1.LTS\lib\</path>
         <kind>archive</kind>
         <file>rtsv7M4_T_le_v4SPD16_eabi.lib</file>
         <name>fd_div_t2.obj</name>
      </input_file>
      <input_file id="fl-d8">
         <path>C:\ti\ccsv6\tools\compiler\ti-cgt-arm_15.12.1.LTS\lib\</path>
         <kind>archive</kind>
         <file>rtsv7M4_T_le_v4SPD16_eabi.lib</file>
         <name>fd_mul_t2.obj</name>
      </input_file>
      <input_file id="fl-d9">
         <path>C:\ti\ccsv6\tools\compiler\ti-cgt-arm_15.12.1.LTS\lib\</path>
         <kind>archive</kind>
         <file>rtsv7M4_T_le_v4SPD16_eabi.lib</file>
         <name>fd_tos_t2.obj</name>
      </input_file>
      <input_file id="fl-da">
         <path>C:\ti\ccsv6\tools\compiler\ti-cgt-arm_15.12.1.LTS\lib\</path>
         <kind>archive</kind>
         <file>rtsv7M4_T_le_v4SPD16_eabi.lib</file>
         <name>fs_tod_t2.obj</name>
      </input_file>
      <input_file id="fl-db">
         <path>C:\ti\ccsv6\tools\compiler\ti-cgt-arm_15.12.1.LTS\lib\</path>
         <kind>archive</kind>
         <file>rtsv7M4_T_le_v4SPD16_eabi.lib</file>
         <name>i_tofd_t2.obj</name>
      </input_file>
      <input_file id="fl-dc">
         <path>C:\ti\ccsv6\tools\compiler\ti-cgt-arm_15.12.1.LTS\lib\</path>
         <kind>archive</kind>
         <file>rtsv7M4_T_le_v4SPD16_eabi.lib</file>
         <name>memcpy_t2.obj</name>
      </input_file>
      <input_file id="fl-dd">
         <path>C:\ti\ccsv6\tools\compiler\ti-cgt-arm_15.12.1.LTS\lib\</path>
         <kind>archive</kind>
         <file>rtsv7M4_T_le_v4SPD16_eabi.lib</file>
         <name>memset_t2.obj</name>
      </input_file>
      <input_file id="fl-de">
         <path>C:\ti\ccsv6\tools\compiler\ti-cgt-arm_15.12.1.LTS\lib\</path>
         <kind>archive</kind>
         <file>rtsv7M4_T_le_v4SPD16_eabi.lib</file>
         <name>mpu_init.obj</name>
      </input_file>
      <input_file id="fl-df">
         <path>C:\ti\ccsv6\tools\compiler\ti-cgt-arm_15.12.1.LTS\lib\</path>
         <kind>archive</kind>
         <file>rtsv7M4_T_le_v4SPD16_eabi.lib</file>
         <name>pre_init.obj</name>
      </input_file>
      <input_file id="fl-e0">
         <path>C:\ti\ccsv6\tools\compiler\ti-cgt-arm_15.12.1.LTS\lib\</path>
         <kind>archive</kind>
         <file>rtsv7M4_T_le_v4SPD16_eabi.lib</file>
         <name>s_scalbn.obj</name>
      </input_file>
      <input_file id="fl-e1">
         <path>C:\ti\ccsv6\tools\compiler\ti-cgt-arm_15.12.1.LTS\lib\</path>
         <kind>archive</kind>
         <file>rtsv7M4_T_le_v4SPD16_eabi.lib</file>
         <name>stkdepth_vars.obj</name>
      </input_file>
      <input_file id="fl-e2">
         <path>C:\ti\ccsv6\tools\compiler\ti-cgt-arm_15.12.1.LTS\lib\</path>
         <kind>archive</kind>
         <file>rtsv7M4_T_le_v4SPD16_eabi.lib</file>
         <name>strlen.obj</name>
      </input_file>
      <input_file id="fl-e3">
         <path>C:\ti\ccsv6\tools\compiler\ti-cgt-arm_15.12.1.LTS\lib\</path>
         <kind>archive</kind>
         <file>rtsv7M4_T_le_v4SPD16_eabi.lib</file>
         <name>u_divt2.obj</name>
      </input_file>
      <input_file id="fl-e4">
         <path>C:\ti\ccsv6\tools\compiler\ti-cgt-arm_15.12.1.LTS\lib\</path>
         <kind>archive</kind>
         <file>rtsv7M4_T_le_v4SPD16_eabi.lib</file>
         <name>_lock.obj</name>
      </input_file>
      <input_file id="fl-e5">
         <path>C:\ti\ccsv6\tools\compiler\ti-cgt-arm_15.12.1.LTS\lib\</path>
         <kind>archive</kind>
         <file>rtsv7M4_T_le_v4SPD16_eabi.lib</file>
         <name>args_main.obj</name>
      </input_file>
      <input_file id="fl-e6">
         <path>C:\ti\ccsv6\tools\compiler\ti-cgt-arm_15.12.1.LTS\lib\</path>
         <kind>archive</kind>
         <file>rtsv7M4_T_le_v4SPD16_eabi.lib</file>
         <name>autoinit.obj</name>
      </input_file>
      <input_file id="fl-e7">
         <path>C:\ti\ccsv6\tools\compiler\ti-cgt-arm_15.12.1.LTS\lib\</path>
         <kind>archive</kind>
         <file>rtsv7M4_T_le_v4SPD16_eabi.lib</file>
         <name>cpy_tbl.obj</name>
      </input_file>
      <input_file id="fl-e8">
         <path>C:\ti\ccsv6\tools\compiler\ti-cgt-arm_15.12.1.LTS\lib\</path>
         <kind>archive</kind>
         <file>rtsv7M4_T_le_v4SPD16_eabi.lib</file>
         <name>i_div0.obj</name>
      </input_file>
      <input_file id="fl-e9">
         <path>C:\ti\ccsv6\tools\compiler\ti-cgt-arm_15.12.1.LTS\lib\</path>
         <kind>archive</kind>
         <file>rtsv7M4_T_le_v4SPD16_eabi.lib</file>
         <name>s_copysign.obj</name>
      </input_file>
      <input_file id="fl-ea">
         <path>C:\ti\ccsv6\tools\compiler\ti-cgt-arm_15.12.1.LTS\lib\</path>
         <kind>archive</kind>
         <file>rtsv7M4_T_le_v4SPD16_eabi.lib</file>
         <name>startup.obj</name>
      </input_file>
   </input_file_list>
   <object_component_list>
      <object_component id="oc-f">
         <name>.intvecs</name>
         <load_address>0x0</load_address>
         <run_address>0x0</run_address>
         <size>0x26c</size>
         <input_file_ref idref="fl-3"/>
      </object_component>
      <object_component id="oc-b8">
         <name>.text</name>
         <load_address>0x26c</load_address>
         <run_address>0x26c</run_address>
         <size>0xd48c</size>
         <input_file_ref idref="fl-5"/>
      </object_component>
      <object_component id="oc-225">
         <name>.text</name>
         <load_address>0xd6f8</load_address>
         <run_address>0xd6f8</run_address>
         <size>0x9ac</size>
         <input_file_ref idref="fl-d1"/>
      </object_component>
      <object_component id="oc-c4">
         <name>.text</name>
         <load_address>0xe0a4</load_address>
         <run_address>0xe0a4</run_address>
         <size>0x5b0</size>
         <input_file_ref idref="fl-4"/>
      </object_component>
      <object_component id="oc-81">
         <name>.text</name>
         <load_address>0xe654</load_address>
         <run_address>0xe654</run_address>
         <size>0x49c</size>
         <input_file_ref idref="fl-9"/>
      </object_component>
      <object_component id="oc-be">
         <name>.text</name>
         <load_address>0xeaf0</load_address>
         <run_address>0xeaf0</run_address>
         <size>0x3b8</size>
         <input_file_ref idref="fl-6"/>
      </object_component>
      <object_component id="oc-31">
         <name>.text</name>
         <load_address>0xeea8</load_address>
         <run_address>0xeea8</run_address>
         <size>0x3a4</size>
         <input_file_ref idref="fl-2"/>
      </object_component>
      <object_component id="oc-a6">
         <name>.text</name>
         <load_address>0xf24c</load_address>
         <run_address>0xf24c</run_address>
         <size>0x238</size>
         <input_file_ref idref="fl-7"/>
      </object_component>
      <object_component id="oc-235">
         <name>.text</name>
         <load_address>0xf484</load_address>
         <run_address>0xf484</run_address>
         <size>0x1b6</size>
         <input_file_ref idref="fl-d5"/>
      </object_component>
      <object_component id="oc-292">
         <name>.text</name>
         <load_address>0xf63a</load_address>
         <run_address>0xf63a</run_address>
         <size>0x2</size>
         <input_file_ref idref="fl-e8"/>
      </object_component>
      <object_component id="oc-2f6">
         <name>.text</name>
         <load_address>0xf63c</load_address>
         <run_address>0xf63c</run_address>
         <size>0x170</size>
         <input_file_ref idref="fl-d2"/>
      </object_component>
      <object_component id="oc-1f5">
         <name>.text</name>
         <load_address>0xf7ac</load_address>
         <run_address>0xf7ac</run_address>
         <size>0x136</size>
         <input_file_ref idref="fl-d7"/>
      </object_component>
      <object_component id="oc-2b4">
         <name>.text:GPIOPadConfigSet</name>
         <load_address>0xf8e2</load_address>
         <run_address>0xf8e2</run_address>
         <size>0x132</size>
         <input_file_ref idref="fl-11"/>
      </object_component>
      <object_component id="oc-9a">
         <name>.text:SysCtlClockGet</name>
         <load_address>0xfa14</load_address>
         <run_address>0xfa14</run_address>
         <size>0x110</size>
         <input_file_ref idref="fl-14"/>
      </object_component>
      <object_component id="oc-22b">
         <name>.text</name>
         <load_address>0xfb24</load_address>
         <run_address>0xfb24</run_address>
         <size>0xfc</size>
         <input_file_ref idref="fl-d8"/>
      </object_component>
      <object_component id="oc-30c">
         <name>.text</name>
         <load_address>0xfc20</load_address>
         <run_address>0xfc20</run_address>
         <size>0xfc</size>
         <input_file_ref idref="fl-e0"/>
      </object_component>
      <object_component id="oc-88">
         <name>.text:SysCtlClockSet</name>
         <load_address>0xfd1c</load_address>
         <run_address>0xfd1c</run_address>
         <size>0xf4</size>
         <input_file_ref idref="fl-14"/>
      </object_component>
      <object_component id="oc-3a">
         <name>.text</name>
         <load_address>0xfe10</load_address>
         <run_address>0xfe10</run_address>
         <size>0x9c</size>
         <input_file_ref idref="fl-dc"/>
      </object_component>
      <object_component id="oc-302">
         <name>.text:__aeabi_cdcmple</name>
         <load_address>0xfeac</load_address>
         <run_address>0xfeac</run_address>
         <size>0x86</size>
         <input_file_ref idref="fl-d6"/>
      </object_component>
      <object_component id="oc-307">
         <name>.text:__aeabi_cdrcmple</name>
         <load_address>0xff32</load_address>
         <run_address>0xff32</run_address>
         <size>0x86</size>
         <input_file_ref idref="fl-d6"/>
      </object_component>
      <object_component id="oc-53">
         <name>.text</name>
         <load_address>0xffb8</load_address>
         <run_address>0xffb8</run_address>
         <size>0x7a</size>
         <input_file_ref idref="fl-dd"/>
      </object_component>
      <object_component id="oc-5f">
         <name>.text</name>
         <load_address>0x10032</load_address>
         <run_address>0x10032</run_address>
         <size>0x2</size>
         <input_file_ref idref="fl-de"/>
      </object_component>
      <object_component id="oc-6b">
         <name>.text</name>
         <load_address>0x10034</load_address>
         <run_address>0x10034</run_address>
         <size>0x70</size>
         <input_file_ref idref="fl-e6"/>
      </object_component>
      <object_component id="oc-230">
         <name>.text</name>
         <load_address>0x100a4</load_address>
         <run_address>0x100a4</run_address>
         <size>0x6e</size>
         <input_file_ref idref="fl-d9"/>
      </object_component>
      <object_component id="oc-46">
         <name>.text</name>
         <load_address>0x10112</load_address>
         <run_address>0x10112</run_address>
         <size>0x6a</size>
         <input_file_ref idref="fl-cf"/>
      </object_component>
      <object_component id="oc-ca">
         <name>.text:IntEnable</name>
         <load_address>0x1017c</load_address>
         <run_address>0x1017c</run_address>
         <size>0x68</size>
         <input_file_ref idref="fl-13"/>
      </object_component>
      <object_component id="oc-94">
         <name>.text:TimerConfigure</name>
         <load_address>0x101e4</load_address>
         <run_address>0x101e4</run_address>
         <size>0x60</size>
         <input_file_ref idref="fl-15"/>
      </object_component>
      <object_component id="oc-24">
         <name>.text</name>
         <load_address>0x10244</load_address>
         <run_address>0x10244</run_address>
         <size>0x54</size>
         <input_file_ref idref="fl-cd"/>
      </object_component>
      <object_component id="oc-77">
         <name>.text</name>
         <load_address>0x10298</load_address>
         <run_address>0x10298</run_address>
         <size>0x54</size>
         <input_file_ref idref="fl-d4"/>
      </object_component>
      <object_component id="oc-18f">
         <name>.text:I2CMasterInitExpClk</name>
         <load_address>0x102ec</load_address>
         <run_address>0x102ec</run_address>
         <size>0x4c</size>
         <input_file_ref idref="fl-12"/>
      </object_component>
      <object_component id="oc-121">
         <name>.text</name>
         <load_address>0x10338</load_address>
         <run_address>0x10338</run_address>
         <size>0x4c</size>
         <input_file_ref idref="fl-e7"/>
      </object_component>
      <object_component id="oc-ac">
         <name>.text</name>
         <load_address>0x10384</load_address>
         <run_address>0x10384</run_address>
         <size>0x4c</size>
         <input_file_ref idref="fl-8"/>
      </object_component>
      <object_component id="oc-17d">
         <name>.text:GPIOPinConfigure</name>
         <load_address>0x103d0</load_address>
         <run_address>0x103d0</run_address>
         <size>0x48</size>
         <input_file_ref idref="fl-11"/>
      </object_component>
      <object_component id="oc-142">
         <name>.text:UARTConfigSetExpClk</name>
         <load_address>0x10418</load_address>
         <run_address>0x10418</run_address>
         <size>0x46</size>
         <input_file_ref idref="fl-16"/>
      </object_component>
      <object_component id="oc-163">
         <name>.text</name>
         <load_address>0x1045e</load_address>
         <run_address>0x1045e</run_address>
         <size>0x40</size>
         <input_file_ref idref="fl-e3"/>
      </object_component>
      <object_component id="oc-127">
         <name>.text</name>
         <load_address>0x1049e</load_address>
         <run_address>0x1049e</run_address>
         <size>0x2</size>
         <input_file_ref idref="fl-ea"/>
      </object_component>
      <object_component id="oc-13c">
         <name>.text:SysCtlPeripheralPresent</name>
         <load_address>0x104a0</load_address>
         <run_address>0x104a0</run_address>
         <size>0x38</size>
         <input_file_ref idref="fl-14"/>
      </object_component>
      <object_component id="oc-220">
         <name>.text</name>
         <load_address>0x104d8</load_address>
         <run_address>0x104d8</run_address>
         <size>0x38</size>
         <input_file_ref idref="fl-da"/>
      </object_component>
      <object_component id="oc-2b">
         <name>.text</name>
         <load_address>0x10510</load_address>
         <run_address>0x10510</run_address>
         <size>0x38</size>
         <input_file_ref idref="fl-3"/>
      </object_component>
      <object_component id="oc-8e">
         <name>.text:SysCtlPeripheralEnable</name>
         <load_address>0x10548</load_address>
         <run_address>0x10548</run_address>
         <size>0x34</size>
         <input_file_ref idref="fl-14"/>
      </object_component>
      <object_component id="oc-1f0">
         <name>.text</name>
         <load_address>0x1057c</load_address>
         <run_address>0x1057c</run_address>
         <size>0x2e</size>
         <input_file_ref idref="fl-db"/>
      </object_component>
      <object_component id="oc-2ae">
         <name>.text:GPIODirModeSet</name>
         <load_address>0x105aa</load_address>
         <run_address>0x105aa</run_address>
         <size>0x2a</size>
         <input_file_ref idref="fl-11"/>
      </object_component>
      <object_component id="oc-281">
         <name>.text:UARTDisable</name>
         <load_address>0x105d4</load_address>
         <run_address>0x105d4</run_address>
         <size>0x20</size>
         <input_file_ref idref="fl-16"/>
      </object_component>
      <object_component id="oc-71">
         <name>.text</name>
         <load_address>0x105f4</load_address>
         <run_address>0x105f4</run_address>
         <size>0x18</size>
         <input_file_ref idref="fl-e5"/>
      </object_component>
      <object_component id="oc-148">
         <name>.text:UARTEnable</name>
         <load_address>0x1060c</load_address>
         <run_address>0x1060c</run_address>
         <size>0x14</size>
         <input_file_ref idref="fl-16"/>
      </object_component>
      <object_component id="oc-274">
         <name>.text</name>
         <load_address>0x10620</load_address>
         <run_address>0x10620</run_address>
         <size>0x14</size>
         <input_file_ref idref="fl-e4"/>
      </object_component>
      <object_component id="oc-34d">
         <name>.text</name>
         <load_address>0x10634</load_address>
         <run_address>0x10634</run_address>
         <size>0x14</size>
         <input_file_ref idref="fl-e9"/>
      </object_component>
      <object_component id="oc-21a">
         <name>.text</name>
         <load_address>0x10648</load_address>
         <run_address>0x10648</run_address>
         <size>0x14</size>
         <input_file_ref idref="fl-e2"/>
      </object_component>
      <object_component id="oc-189">
         <name>.text:GPIOPinTypeI2C</name>
         <load_address>0x1065c</load_address>
         <run_address>0x1065c</run_address>
         <size>0x12</size>
         <input_file_ref idref="fl-11"/>
      </object_component>
      <object_component id="oc-183">
         <name>.text:GPIOPinTypeI2CSCL</name>
         <load_address>0x1066e</load_address>
         <run_address>0x1066e</run_address>
         <size>0x12</size>
         <input_file_ref idref="fl-11"/>
      </object_component>
      <object_component id="oc-1c7">
         <name>.text:GPIOPinTypeUART</name>
         <load_address>0x10680</load_address>
         <run_address>0x10680</run_address>
         <size>0x12</size>
         <input_file_ref idref="fl-11"/>
      </object_component>
      <object_component id="oc-a0">
         <name>.text:TimerLoadSet</name>
         <load_address>0x10692</load_address>
         <run_address>0x10692</run_address>
         <size>0x12</size>
         <input_file_ref idref="fl-15"/>
      </object_component>
      <object_component id="oc-b2">
         <name>.text:FPUEnable</name>
         <load_address>0x106a4</load_address>
         <run_address>0x106a4</run_address>
         <size>0x10</size>
         <input_file_ref idref="fl-10"/>
      </object_component>
      <object_component id="oc-d6">
         <name>.text:IntMasterEnable</name>
         <load_address>0x106b4</load_address>
         <run_address>0x106b4</run_address>
         <size>0x10</size>
         <input_file_ref idref="fl-13"/>
      </object_component>
      <object_component id="oc-dc">
         <name>.text:TimerEnable</name>
         <load_address>0x106c4</load_address>
         <run_address>0x106c4</run_address>
         <size>0xe</size>
         <input_file_ref idref="fl-15"/>
      </object_component>
      <object_component id="oc-12">
         <name>.text:decompress:none</name>
         <load_address>0x106d2</load_address>
         <run_address>0x106d2</run_address>
         <size>0xe</size>
         <input_file_ref idref="fl-ce"/>
      </object_component>
      <object_component id="oc-24c">
         <name>.text:CPUcpsie</name>
         <load_address>0x106e0</load_address>
         <run_address>0x106e0</run_address>
         <size>0xc</size>
         <input_file_ref idref="fl-17"/>
      </object_component>
      <object_component id="oc-19b">
         <name>.text:I2CMasterEnable</name>
         <load_address>0x106ec</load_address>
         <run_address>0x106ec</run_address>
         <size>0xa</size>
         <input_file_ref idref="fl-12"/>
      </object_component>
      <object_component id="oc-154">
         <name>.text:UARTCharGet</name>
         <load_address>0x106f6</load_address>
         <run_address>0x106f6</run_address>
         <size>0xa</size>
         <input_file_ref idref="fl-16"/>
      </object_component>
      <object_component id="oc-14e">
         <name>.text:UARTCharPut</name>
         <load_address>0x10700</load_address>
         <run_address>0x10700</run_address>
         <size>0xa</size>
         <input_file_ref idref="fl-16"/>
      </object_component>
      <object_component id="oc-1b3">
         <name>.text:I2CMasterBusy</name>
         <load_address>0x1070a</load_address>
         <run_address>0x1070a</run_address>
         <size>0x8</size>
         <input_file_ref idref="fl-12"/>
      </object_component>
      <object_component id="oc-1a1">
         <name>.text:I2CMasterSlaveAddrSet</name>
         <load_address>0x10712</load_address>
         <run_address>0x10712</run_address>
         <size>0x8</size>
         <input_file_ref idref="fl-12"/>
      </object_component>
      <object_component id="oc-d0">
         <name>.text:TimerIntEnable</name>
         <load_address>0x1071a</load_address>
         <run_address>0x1071a</run_address>
         <size>0x8</size>
         <input_file_ref idref="fl-15"/>
      </object_component>
      <object_component id="oc-172">
         <name>.text:SysCtlDelay</name>
         <load_address>0x10722</load_address>
         <run_address>0x10722</run_address>
         <size>0x6</size>
         <input_file_ref idref="fl-14"/>
      </object_component>
      <object_component id="oc-1cd">
         <name>.text:UARTClockSourceSet</name>
         <load_address>0x10728</load_address>
         <run_address>0x10728</run_address>
         <size>0x6</size>
         <input_file_ref idref="fl-16"/>
      </object_component>
      <object_component id="oc-18">
         <name>.text:decompress:rle24</name>
         <load_address>0x1072e</load_address>
         <run_address>0x1072e</run_address>
         <size>0x6</size>
         <input_file_ref idref="fl-cf"/>
      </object_component>
      <object_component id="oc-1ad">
         <name>.text:I2CMasterControl</name>
         <load_address>0x10734</load_address>
         <run_address>0x10734</run_address>
         <size>0x4</size>
         <input_file_ref idref="fl-12"/>
      </object_component>
      <object_component id="oc-1b9">
         <name>.text:I2CMasterDataGet</name>
         <load_address>0x10738</load_address>
         <run_address>0x10738</run_address>
         <size>0x4</size>
         <input_file_ref idref="fl-12"/>
      </object_component>
      <object_component id="oc-1a7">
         <name>.text:I2CMasterDataPut</name>
         <load_address>0x1073c</load_address>
         <run_address>0x1073c</run_address>
         <size>0x4</size>
         <input_file_ref idref="fl-12"/>
      </object_component>
      <object_component id="oc-195">
         <name>.text:I2CMasterTimeoutSet</name>
         <load_address>0x10740</load_address>
         <run_address>0x10740</run_address>
         <size>0x4</size>
         <input_file_ref idref="fl-12"/>
      </object_component>
      <object_component id="oc-e2">
         <name>.text:TimerIntClear</name>
         <load_address>0x10744</load_address>
         <run_address>0x10744</run_address>
         <size>0x4</size>
         <input_file_ref idref="fl-15"/>
      </object_component>
      <object_component id="oc-65">
         <name>.text</name>
         <load_address>0x10748</load_address>
         <run_address>0x10748</run_address>
         <size>0x4</size>
         <input_file_ref idref="fl-df"/>
      </object_component>
      <object_component id="oc-2a9">
         <name>.const:g_pui32GPIOBaseAddrs</name>
         <load_address>0x10750</load_address>
         <run_address>0x10750</run_address>
         <size>0x90</size>
         <input_file_ref idref="fl-11"/>
      </object_component>
      <object_component id="oc-246">
         <name>.const</name>
         <load_address>0x107e0</load_address>
         <run_address>0x107e0</run_address>
         <size>0x70</size>
         <input_file_ref idref="fl-13"/>
      </object_component>
      <object_component id="oc-178">
         <name>.const:g_pui32Xtals</name>
         <load_address>0x10850</load_address>
         <run_address>0x10850</run_address>
         <size>0x6c</size>
         <input_file_ref idref="fl-14"/>
      </object_component>
      <object_component id="oc-168">
         <name>.const</name>
         <load_address>0x108bc</load_address>
         <run_address>0x108bc</run_address>
         <size>0x4</size>
         <input_file_ref idref="fl-9"/>
      </object_component>
      <object_component id="oc-2ff">
         <name>.const:$O1$$</name>
         <load_address>0x108c0</load_address>
         <run_address>0x108c0</run_address>
         <size>0x30</size>
         <input_file_ref idref="fl-d1"/>
      </object_component>
      <object_component id="oc-299">
         <name>.const:.string</name>
         <load_address>0x108f0</load_address>
         <run_address>0x108f0</run_address>
         <size>0x12</size>
         <input_file_ref idref="fl-9"/>
      </object_component>
      <object_component id="oc-160">
         <name>.const:g_ui32UARTBase</name>
         <load_address>0x10904</load_address>
         <run_address>0x10904</run_address>
         <size>0xc</size>
         <input_file_ref idref="fl-9"/>
      </object_component>
      <object_component id="oc-15a">
         <name>.const:g_ui32UARTPeriph</name>
         <load_address>0x10910</load_address>
         <run_address>0x10910</run_address>
         <size>0xc</size>
         <input_file_ref idref="fl-9"/>
      </object_component>
      <object_component id="oc-1d8">
         <name>.const:$P$T0$1</name>
         <load_address>0x1091c</load_address>
         <run_address>0x1091c</run_address>
         <size>0x6</size>
         <input_file_ref idref="fl-5"/>
      </object_component>
      <object_component id="oc-1db">
         <name>.const:$P$T1$2</name>
         <load_address>0x10922</load_address>
         <run_address>0x10922</run_address>
         <size>0x6</size>
         <input_file_ref idref="fl-5"/>
      </object_component>
      <object_component id="oc-200">
         <name>.const:$P$T10$11</name>
         <load_address>0x10928</load_address>
         <run_address>0x10928</run_address>
         <size>0x6</size>
         <input_file_ref idref="fl-5"/>
      </object_component>
      <object_component id="oc-203">
         <name>.const:$P$T11$12</name>
         <load_address>0x1092e</load_address>
         <run_address>0x1092e</run_address>
         <size>0x6</size>
         <input_file_ref idref="fl-5"/>
      </object_component>
      <object_component id="oc-206">
         <name>.const:$P$T12$13</name>
         <load_address>0x10934</load_address>
         <run_address>0x10934</run_address>
         <size>0x6</size>
         <input_file_ref idref="fl-5"/>
      </object_component>
      <object_component id="oc-209">
         <name>.const:$P$T13$14</name>
         <load_address>0x1093a</load_address>
         <run_address>0x1093a</run_address>
         <size>0x6</size>
         <input_file_ref idref="fl-5"/>
      </object_component>
      <object_component id="oc-20c">
         <name>.const:$P$T14$15</name>
         <load_address>0x10940</load_address>
         <run_address>0x10940</run_address>
         <size>0x6</size>
         <input_file_ref idref="fl-5"/>
      </object_component>
      <object_component id="oc-20f">
         <name>.const:$P$T15$16</name>
         <load_address>0x10946</load_address>
         <run_address>0x10946</run_address>
         <size>0x6</size>
         <input_file_ref idref="fl-5"/>
      </object_component>
      <object_component id="oc-212">
         <name>.const:$P$T16$17</name>
         <load_address>0x1094c</load_address>
         <run_address>0x1094c</run_address>
         <size>0x6</size>
         <input_file_ref idref="fl-5"/>
      </object_component>
      <object_component id="oc-215">
         <name>.const:$P$T17$18</name>
         <load_address>0x10952</load_address>
         <run_address>0x10952</run_address>
         <size>0x6</size>
         <input_file_ref idref="fl-5"/>
      </object_component>
      <object_component id="oc-1de">
         <name>.const:$P$T2$3</name>
         <load_address>0x10958</load_address>
         <run_address>0x10958</run_address>
         <size>0x6</size>
         <input_file_ref idref="fl-5"/>
      </object_component>
      <object_component id="oc-1e1">
         <name>.const:$P$T3$4</name>
         <load_address>0x1095e</load_address>
         <run_address>0x1095e</run_address>
         <size>0x6</size>
         <input_file_ref idref="fl-5"/>
      </object_component>
      <object_component id="oc-1e4">
         <name>.const:$P$T4$5</name>
         <load_address>0x10964</load_address>
         <run_address>0x10964</run_address>
         <size>0x6</size>
         <input_file_ref idref="fl-5"/>
      </object_component>
      <object_component id="oc-1e7">
         <name>.const:$P$T5$6</name>
         <load_address>0x1096a</load_address>
         <run_address>0x1096a</run_address>
         <size>0x6</size>
         <input_file_ref idref="fl-5"/>
      </object_component>
      <object_component id="oc-1ea">
         <name>.const:$P$T6$7</name>
         <load_address>0x10970</load_address>
         <run_address>0x10970</run_address>
         <size>0x6</size>
         <input_file_ref idref="fl-5"/>
      </object_component>
      <object_component id="oc-1ed">
         <name>.const:$P$T7$8</name>
         <load_address>0x10976</load_address>
         <run_address>0x10976</run_address>
         <size>0x6</size>
         <input_file_ref idref="fl-5"/>
      </object_component>
      <object_component id="oc-1fa">
         <name>.const:$P$T8$9</name>
         <load_address>0x1097c</load_address>
         <run_address>0x1097c</run_address>
         <size>0x6</size>
         <input_file_ref idref="fl-5"/>
      </object_component>
      <object_component id="oc-1fd">
         <name>.const:$P$T9$10</name>
         <load_address>0x10982</load_address>
         <run_address>0x10982</run_address>
         <size>0x6</size>
         <input_file_ref idref="fl-5"/>
      </object_component>
      <object_component id="oc-382">
         <name>.cinit..data.load</name>
         <load_address>0x10988</load_address>
         <run_address>0x10988</run_address>
         <size>0x17</size>
      </object_component>
      <object_component id="oc-383">
         <name>.cinit..bss.load</name>
         <load_address>0x109a0</load_address>
         <run_address>0x109a0</run_address>
         <size>0x9</size>
      </object_component>
      <object_component id="oc-380">
         <name>__TI_handler_table</name>
         <load_address>0x109ac</load_address>
         <run_address>0x109ac</run_address>
         <size>0x8</size>
      </object_component>
      <object_component id="oc-381">
         <name>__TI_cinit_table</name>
         <load_address>0x109b4</load_address>
         <run_address>0x109b4</run_address>
         <size>0x10</size>
      </object_component>
      <object_component id="oc-15d">
         <name>.data</name>
         <load_address>0x200002c0</load_address>
         <run_address>0x200002c0</run_address>
         <size>0x5</size>
         <input_file_ref idref="fl-9"/>
      </object_component>
      <object_component id="oc-2fc">
         <name>.data</name>
         <load_address>0x200002c8</load_address>
         <run_address>0x200002c8</run_address>
         <size>0x4</size>
         <input_file_ref idref="fl-d3"/>
      </object_component>
      <object_component id="oc-131">
         <name>.data:$O1$$</name>
         <load_address>0x200002ac</load_address>
         <run_address>0x200002ac</run_address>
         <size>0xc</size>
         <input_file_ref idref="fl-d4"/>
      </object_component>
      <object_component id="oc-7d">
         <name>.data</name>
         <load_address>0x200002cc</load_address>
         <run_address>0x200002cc</run_address>
         <size>0x4</size>
         <input_file_ref idref="fl-e1"/>
      </object_component>
      <object_component id="oc-134">
         <name>.data:$O1$$</name>
         <load_address>0x200002b8</load_address>
         <run_address>0x200002b8</run_address>
         <size>0x8</size>
         <input_file_ref idref="fl-e4"/>
      </object_component>
      <object_component id="oc-23c">
         <name>.bss</name>
         <uninitialized>true</uninitialized>
         <run_address>0x20000288</run_address>
         <size>0x4</size>
         <input_file_ref idref="fl-4"/>
      </object_component>
      <object_component id="oc-1d5">
         <name>.bss</name>
         <uninitialized>true</uninitialized>
         <run_address>0x2000028c</run_address>
         <size>0x4</size>
         <input_file_ref idref="fl-5"/>
      </object_component>
      <object_component id="oc-f9">
         <name>.common:quaternion</name>
         <uninitialized>true</uninitialized>
         <run_address>0x20000234</run_address>
         <size>0x20</size>
      </object_component>
      <object_component id="oc-ec">
         <name>.common:data</name>
         <uninitialized>true</uninitialized>
         <run_address>0x20000294</run_address>
         <size>0x4</size>
      </object_component>
      <object_component id="oc-ed">
         <name>.common:temperature</name>
         <uninitialized>true</uninitialized>
         <run_address>0x200002a0</run_address>
         <size>0x4</size>
      </object_component>
      <object_component id="oc-ee">
         <name>.common:temp</name>
         <uninitialized>true</uninitialized>
         <run_address>0x20000280</run_address>
         <size>0x8</size>
      </object_component>
      <object_component id="oc-ef">
         <name>.common:error</name>
         <uninitialized>true</uninitialized>
         <run_address>0x200002a5</run_address>
         <size>0x1</size>
      </object_component>
      <object_component id="oc-e8">
         <name>.common:bno</name>
         <uninitialized>true</uninitialized>
         <run_address>0x20000254</run_address>
         <size>0x18</size>
      </object_component>
      <object_component id="oc-f0">
         <name>.common:euler</name>
         <uninitialized>true</uninitialized>
         <run_address>0x2000026c</run_address>
         <size>0xc</size>
      </object_component>
      <object_component id="oc-eb">
         <name>.common:bmp</name>
         <uninitialized>true</uninitialized>
         <run_address>0x20000200</run_address>
         <size>0x34</size>
      </object_component>
      <object_component id="oc-f4">
         <name>.common:sys</name>
         <uninitialized>true</uninitialized>
         <run_address>0x200002a8</run_address>
         <size>0x1</size>
      </object_component>
      <object_component id="oc-f1">
         <name>.common:mag</name>
         <uninitialized>true</uninitialized>
         <run_address>0x200002a7</run_address>
         <size>0x1</size>
      </object_component>
      <object_component id="oc-f2">
         <name>.common:accel</name>
         <uninitialized>true</uninitialized>
         <run_address>0x200002a4</run_address>
         <size>0x1</size>
      </object_component>
      <object_component id="oc-f3">
         <name>.common:gyro</name>
         <uninitialized>true</uninitialized>
         <run_address>0x200002a6</run_address>
         <size>0x1</size>
      </object_component>
      <object_component id="oc-f5">
         <name>.common:UP</name>
         <uninitialized>true</uninitialized>
         <run_address>0x20000290</run_address>
         <size>0x4</size>
      </object_component>
      <object_component id="oc-f6">
         <name>.common:pressure</name>
         <uninitialized>true</uninitialized>
         <run_address>0x2000029c</run_address>
         <size>0x4</size>
      </object_component>
      <object_component id="oc-f7">
         <name>.common:height</name>
         <uninitialized>true</uninitialized>
         <run_address>0x20000298</run_address>
         <size>0x4</size>
      </object_component>
      <object_component id="oc-f8">
         <name>.common:alts</name>
         <uninitialized>true</uninitialized>
         <run_address>0x20000278</run_address>
         <size>0x8</size>
      </object_component>
      <object_component id="oc-2a">
         <name>.stack</name>
         <uninitialized>true</uninitialized>
         <run_address>0x20000000</run_address>
         <size>0x0</size>
         <input_file_ref idref="fl-cd"/>
      </object_component>
      <object_component id="oc-384">
         <name>.stack</name>
         <uninitialized>true</uninitialized>
         <run_address>0x20000000</run_address>
         <size>0x0</size>
      </object_component>
      <object_component id="oc-e9">
         <name>.debug_info</name>
         <load_address>0x0</load_address>
         <run_address>0x0</run_address>
         <size>0x9cf</size>
         <input_file_ref idref="fl-2"/>
      </object_component>
      <object_component id="oc-32">
         <name>.debug_info</name>
         <load_address>0x9cf</load_address>
         <run_address>0x9cf</run_address>
         <size>0x66e</size>
         <input_file_ref idref="fl-2"/>
      </object_component>
      <object_component id="oc-31f">
         <name>.debug_info</name>
         <load_address>0x103d</load_address>
         <run_address>0x103d</run_address>
         <size>0xc8</size>
         <input_file_ref idref="fl-2"/>
      </object_component>
      <object_component id="oc-fb">
         <name>.debug_info</name>
         <load_address>0x1105</load_address>
         <run_address>0x1105</run_address>
         <size>0x8b</size>
         <input_file_ref idref="fl-2"/>
      </object_component>
      <object_component id="oc-100">
         <name>.debug_info</name>
         <load_address>0x1190</load_address>
         <run_address>0x1190</run_address>
         <size>0x18b</size>
         <input_file_ref idref="fl-2"/>
      </object_component>
      <object_component id="oc-1c0">
         <name>.debug_info</name>
         <load_address>0x131b</load_address>
         <run_address>0x131b</run_address>
         <size>0x944</size>
         <input_file_ref idref="fl-2"/>
      </object_component>
      <object_component id="oc-16d">
         <name>.debug_info</name>
         <load_address>0x1c5f</load_address>
         <run_address>0x1c5f</run_address>
         <size>0x4e</size>
         <input_file_ref idref="fl-2"/>
      </object_component>
      <object_component id="oc-257">
         <name>.debug_info</name>
         <load_address>0x1cad</load_address>
         <run_address>0x1cad</run_address>
         <size>0x24a</size>
         <input_file_ref idref="fl-2"/>
      </object_component>
      <object_component id="oc-39">
         <name>.debug_info</name>
         <load_address>0x1ef7</load_address>
         <run_address>0x1ef7</run_address>
         <size>0x161</size>
         <input_file_ref idref="fl-3"/>
      </object_component>
      <object_component id="oc-10">
         <name>.debug_info</name>
         <load_address>0x2058</load_address>
         <run_address>0x2058</run_address>
         <size>0xdb</size>
         <input_file_ref idref="fl-3"/>
      </object_component>
      <object_component id="oc-2c">
         <name>.debug_info</name>
         <load_address>0x2133</load_address>
         <run_address>0x2133</run_address>
         <size>0x282</size>
         <input_file_ref idref="fl-3"/>
      </object_component>
      <object_component id="oc-107">
         <name>.debug_info</name>
         <load_address>0x23b5</load_address>
         <run_address>0x23b5</run_address>
         <size>0x84</size>
         <input_file_ref idref="fl-3"/>
      </object_component>
      <object_component id="oc-245">
         <name>.debug_info</name>
         <load_address>0x2439</load_address>
         <run_address>0x2439</run_address>
         <size>0x12e</size>
         <input_file_ref idref="fl-4"/>
      </object_component>
      <object_component id="oc-23d">
         <name>.debug_info</name>
         <load_address>0x2567</load_address>
         <run_address>0x2567</run_address>
         <size>0xc6</size>
         <input_file_ref idref="fl-4"/>
      </object_component>
      <object_component id="oc-c5">
         <name>.debug_info</name>
         <load_address>0x262d</load_address>
         <run_address>0x262d</run_address>
         <size>0x824</size>
         <input_file_ref idref="fl-4"/>
      </object_component>
      <object_component id="oc-240">
         <name>.debug_info</name>
         <load_address>0x2e51</load_address>
         <run_address>0x2e51</run_address>
         <size>0x2b2</size>
         <input_file_ref idref="fl-4"/>
      </object_component>
      <object_component id="oc-219">
         <name>.debug_info</name>
         <load_address>0x3103</load_address>
         <run_address>0x3103</run_address>
         <size>0x202</size>
         <input_file_ref idref="fl-5"/>
      </object_component>
      <object_component id="oc-1d6">
         <name>.debug_info</name>
         <load_address>0x3305</load_address>
         <run_address>0x3305</run_address>
         <size>0xc6</size>
         <input_file_ref idref="fl-5"/>
      </object_component>
      <object_component id="oc-1d9">
         <name>.debug_info</name>
         <load_address>0x33cb</load_address>
         <run_address>0x33cb</run_address>
         <size>0xc5</size>
         <input_file_ref idref="fl-5"/>
      </object_component>
      <object_component id="oc-1dc">
         <name>.debug_info</name>
         <load_address>0x3490</load_address>
         <run_address>0x3490</run_address>
         <size>0xc5</size>
         <input_file_ref idref="fl-5"/>
      </object_component>
      <object_component id="oc-1df">
         <name>.debug_info</name>
         <load_address>0x3555</load_address>
         <run_address>0x3555</run_address>
         <size>0xc5</size>
         <input_file_ref idref="fl-5"/>
      </object_component>
      <object_component id="oc-1e2">
         <name>.debug_info</name>
         <load_address>0x361a</load_address>
         <run_address>0x361a</run_address>
         <size>0xc5</size>
         <input_file_ref idref="fl-5"/>
      </object_component>
      <object_component id="oc-1e5">
         <name>.debug_info</name>
         <load_address>0x36df</load_address>
         <run_address>0x36df</run_address>
         <size>0xc5</size>
         <input_file_ref idref="fl-5"/>
      </object_component>
      <object_component id="oc-1e8">
         <name>.debug_info</name>
         <load_address>0x37a4</load_address>
         <run_address>0x37a4</run_address>
         <size>0xc5</size>
         <input_file_ref idref="fl-5"/>
      </object_component>
      <object_component id="oc-1eb">
         <name>.debug_info</name>
         <load_address>0x3869</load_address>
         <run_address>0x3869</run_address>
         <size>0xc5</size>
         <input_file_ref idref="fl-5"/>
      </object_component>
      <object_component id="oc-1ee">
         <name>.debug_info</name>
         <load_address>0x392e</load_address>
         <run_address>0x392e</run_address>
         <size>0xc5</size>
         <input_file_ref idref="fl-5"/>
      </object_component>
      <object_component id="oc-1fb">
         <name>.debug_info</name>
         <load_address>0x39f3</load_address>
         <run_address>0x39f3</run_address>
         <size>0xc5</size>
         <input_file_ref idref="fl-5"/>
      </object_component>
      <object_component id="oc-1fe">
         <name>.debug_info</name>
         <load_address>0x3ab8</load_address>
         <run_address>0x3ab8</run_address>
         <size>0xc7</size>
         <input_file_ref idref="fl-5"/>
      </object_component>
      <object_component id="oc-201">
         <name>.debug_info</name>
         <load_address>0x3b7f</load_address>
         <run_address>0x3b7f</run_address>
         <size>0xc9</size>
         <input_file_ref idref="fl-5"/>
      </object_component>
      <object_component id="oc-204">
         <name>.debug_info</name>
         <load_address>0x3c48</load_address>
         <run_address>0x3c48</run_address>
         <size>0xc9</size>
         <input_file_ref idref="fl-5"/>
      </object_component>
      <object_component id="oc-207">
         <name>.debug_info</name>
         <load_address>0x3d11</load_address>
         <run_address>0x3d11</run_address>
         <size>0xc9</size>
         <input_file_ref idref="fl-5"/>
      </object_component>
      <object_component id="oc-20a">
         <name>.debug_info</name>
         <load_address>0x3dda</load_address>
         <run_address>0x3dda</run_address>
         <size>0xc9</size>
         <input_file_ref idref="fl-5"/>
      </object_component>
      <object_component id="oc-20d">
         <name>.debug_info</name>
         <load_address>0x3ea3</load_address>
         <run_address>0x3ea3</run_address>
         <size>0xc9</size>
         <input_file_ref idref="fl-5"/>
      </object_component>
      <object_component id="oc-210">
         <name>.debug_info</name>
         <load_address>0x3f6c</load_address>
         <run_address>0x3f6c</run_address>
         <size>0xc9</size>
         <input_file_ref idref="fl-5"/>
      </object_component>
      <object_component id="oc-213">
         <name>.debug_info</name>
         <load_address>0x4035</load_address>
         <run_address>0x4035</run_address>
         <size>0xc9</size>
         <input_file_ref idref="fl-5"/>
      </object_component>
      <object_component id="oc-216">
         <name>.debug_info</name>
         <load_address>0x40fe</load_address>
         <run_address>0x40fe</run_address>
         <size>0xc9</size>
         <input_file_ref idref="fl-5"/>
      </object_component>
      <object_component id="oc-b9">
         <name>.debug_info</name>
         <load_address>0x41c7</load_address>
         <run_address>0x41c7</run_address>
         <size>0x198d5</size>
         <input_file_ref idref="fl-5"/>
      </object_component>
      <object_component id="oc-23b">
         <name>.debug_info</name>
         <load_address>0x1da9c</load_address>
         <run_address>0x1da9c</run_address>
         <size>0x245</size>
         <input_file_ref idref="fl-6"/>
      </object_component>
      <object_component id="oc-bf">
         <name>.debug_info</name>
         <load_address>0x1dce1</load_address>
         <run_address>0x1dce1</run_address>
         <size>0x78d</size>
         <input_file_ref idref="fl-6"/>
      </object_component>
      <object_component id="oc-1c5">
         <name>.debug_info</name>
         <load_address>0x1e46e</load_address>
         <run_address>0x1e46e</run_address>
         <size>0x416</size>
         <input_file_ref idref="fl-7"/>
      </object_component>
      <object_component id="oc-a8">
         <name>.debug_info</name>
         <load_address>0x1e884</load_address>
         <run_address>0x1e884</run_address>
         <size>0x900</size>
         <input_file_ref idref="fl-7"/>
      </object_component>
      <object_component id="oc-ad">
         <name>.debug_info</name>
         <load_address>0x1f184</load_address>
         <run_address>0x1f184</run_address>
         <size>0x1b2</size>
         <input_file_ref idref="fl-8"/>
      </object_component>
      <object_component id="oc-16c">
         <name>.debug_info</name>
         <load_address>0x1f336</load_address>
         <run_address>0x1f336</run_address>
         <size>0x230</size>
         <input_file_ref idref="fl-9"/>
      </object_component>
      <object_component id="oc-15e">
         <name>.debug_info</name>
         <load_address>0x1f566</load_address>
         <run_address>0x1f566</run_address>
         <size>0xcd</size>
         <input_file_ref idref="fl-9"/>
      </object_component>
      <object_component id="oc-169">
         <name>.debug_info</name>
         <load_address>0x1f633</load_address>
         <run_address>0x1f633</run_address>
         <size>0xc7</size>
         <input_file_ref idref="fl-9"/>
      </object_component>
      <object_component id="oc-161">
         <name>.debug_info</name>
         <load_address>0x1f6fa</load_address>
         <run_address>0x1f6fa</run_address>
         <size>0xd5</size>
         <input_file_ref idref="fl-9"/>
      </object_component>
      <object_component id="oc-15b">
         <name>.debug_info</name>
         <load_address>0x1f7cf</load_address>
         <run_address>0x1f7cf</run_address>
         <size>0xd9</size>
         <input_file_ref idref="fl-9"/>
      </object_component>
      <object_component id="oc-82">
         <name>.debug_info</name>
         <load_address>0x1f8a8</load_address>
         <run_address>0x1f8a8</run_address>
         <size>0x7be</size>
         <input_file_ref idref="fl-9"/>
      </object_component>
      <object_component id="oc-b3">
         <name>.debug_info</name>
         <load_address>0x20066</load_address>
         <run_address>0x20066</run_address>
         <size>0x20d</size>
         <input_file_ref idref="fl-10"/>
      </object_component>
      <object_component id="oc-2ad">
         <name>.debug_info</name>
         <load_address>0x20273</load_address>
         <run_address>0x20273</run_address>
         <size>0x230</size>
         <input_file_ref idref="fl-11"/>
      </object_component>
      <object_component id="oc-2aa">
         <name>.debug_info</name>
         <load_address>0x204a3</load_address>
         <run_address>0x204a3</run_address>
         <size>0x15b</size>
         <input_file_ref idref="fl-11"/>
      </object_component>
      <object_component id="oc-2b0">
         <name>.debug_info</name>
         <load_address>0x205fe</load_address>
         <run_address>0x205fe</run_address>
         <size>0x2b3</size>
         <input_file_ref idref="fl-11"/>
      </object_component>
      <object_component id="oc-2b6">
         <name>.debug_info</name>
         <load_address>0x208b1</load_address>
         <run_address>0x208b1</run_address>
         <size>0x316</size>
         <input_file_ref idref="fl-11"/>
      </object_component>
      <object_component id="oc-1c9">
         <name>.debug_info</name>
         <load_address>0x20bc7</load_address>
         <run_address>0x20bc7</run_address>
         <size>0x27b</size>
         <input_file_ref idref="fl-11"/>
      </object_component>
      <object_component id="oc-185">
         <name>.debug_info</name>
         <load_address>0x20e42</load_address>
         <run_address>0x20e42</run_address>
         <size>0x27f</size>
         <input_file_ref idref="fl-11"/>
      </object_component>
      <object_component id="oc-18b">
         <name>.debug_info</name>
         <load_address>0x210c1</load_address>
         <run_address>0x210c1</run_address>
         <size>0x279</size>
         <input_file_ref idref="fl-11"/>
      </object_component>
      <object_component id="oc-17f">
         <name>.debug_info</name>
         <load_address>0x2133a</load_address>
         <run_address>0x2133a</run_address>
         <size>0x280</size>
         <input_file_ref idref="fl-11"/>
      </object_component>
      <object_component id="oc-2bd">
         <name>.debug_info</name>
         <load_address>0x215ba</load_address>
         <run_address>0x215ba</run_address>
         <size>0x231</size>
         <input_file_ref idref="fl-12"/>
      </object_component>
      <object_component id="oc-196">
         <name>.debug_info</name>
         <load_address>0x217eb</load_address>
         <run_address>0x217eb</run_address>
         <size>0x28c</size>
         <input_file_ref idref="fl-12"/>
      </object_component>
      <object_component id="oc-1a2">
         <name>.debug_info</name>
         <load_address>0x21a77</load_address>
         <run_address>0x21a77</run_address>
         <size>0x2ce</size>
         <input_file_ref idref="fl-12"/>
      </object_component>
      <object_component id="oc-19c">
         <name>.debug_info</name>
         <load_address>0x21d45</load_address>
         <run_address>0x21d45</run_address>
         <size>0x24e</size>
         <input_file_ref idref="fl-12"/>
      </object_component>
      <object_component id="oc-190">
         <name>.debug_info</name>
         <load_address>0x21f93</load_address>
         <run_address>0x21f93</run_address>
         <size>0x2d5</size>
         <input_file_ref idref="fl-12"/>
      </object_component>
      <object_component id="oc-1a8">
         <name>.debug_info</name>
         <load_address>0x22268</load_address>
         <run_address>0x22268</run_address>
         <size>0x27e</size>
         <input_file_ref idref="fl-12"/>
      </object_component>
      <object_component id="oc-1ba">
         <name>.debug_info</name>
         <load_address>0x224e6</load_address>
         <run_address>0x224e6</run_address>
         <size>0x254</size>
         <input_file_ref idref="fl-12"/>
      </object_component>
      <object_component id="oc-1ae">
         <name>.debug_info</name>
         <load_address>0x2273a</load_address>
         <run_address>0x2273a</run_address>
         <size>0x27e</size>
         <input_file_ref idref="fl-12"/>
      </object_component>
      <object_component id="oc-1b4">
         <name>.debug_info</name>
         <load_address>0x229b8</load_address>
         <run_address>0x229b8</run_address>
         <size>0x24e</size>
         <input_file_ref idref="fl-12"/>
      </object_component>
      <object_component id="oc-24a">
         <name>.debug_info</name>
         <load_address>0x22c06</load_address>
         <run_address>0x22c06</run_address>
         <size>0x20e</size>
         <input_file_ref idref="fl-13"/>
      </object_component>
      <object_component id="oc-247">
         <name>.debug_info</name>
         <load_address>0x22e14</load_address>
         <run_address>0x22e14</run_address>
         <size>0x210</size>
         <input_file_ref idref="fl-13"/>
      </object_component>
      <object_component id="oc-d8">
         <name>.debug_info</name>
         <load_address>0x23024</load_address>
         <run_address>0x23024</run_address>
         <size>0x23e</size>
         <input_file_ref idref="fl-13"/>
      </object_component>
      <object_component id="oc-cc">
         <name>.debug_info</name>
         <load_address>0x23262</load_address>
         <run_address>0x23262</run_address>
         <size>0x268</size>
         <input_file_ref idref="fl-13"/>
      </object_component>
      <object_component id="oc-174">
         <name>.debug_info</name>
         <load_address>0x234ca</load_address>
         <run_address>0x234ca</run_address>
         <size>0x298</size>
         <input_file_ref idref="fl-14"/>
      </object_component>
      <object_component id="oc-179">
         <name>.debug_info</name>
         <load_address>0x23762</load_address>
         <run_address>0x23762</run_address>
         <size>0x14d</size>
         <input_file_ref idref="fl-14"/>
      </object_component>
      <object_component id="oc-13d">
         <name>.debug_info</name>
         <load_address>0x238af</load_address>
         <run_address>0x238af</run_address>
         <size>0x283</size>
         <input_file_ref idref="fl-14"/>
      </object_component>
      <object_component id="oc-8f">
         <name>.debug_info</name>
         <load_address>0x23b32</load_address>
         <run_address>0x23b32</run_address>
         <size>0x27d</size>
         <input_file_ref idref="fl-14"/>
      </object_component>
      <object_component id="oc-8a">
         <name>.debug_info</name>
         <load_address>0x23daf</load_address>
         <run_address>0x23daf</run_address>
         <size>0x2db</size>
         <input_file_ref idref="fl-14"/>
      </object_component>
      <object_component id="oc-9c">
         <name>.debug_info</name>
         <load_address>0x2408a</load_address>
         <run_address>0x2408a</run_address>
         <size>0x2b5</size>
         <input_file_ref idref="fl-14"/>
      </object_component>
      <object_component id="oc-2a0">
         <name>.debug_info</name>
         <load_address>0x2433f</load_address>
         <run_address>0x2433f</run_address>
         <size>0x5f</size>
         <input_file_ref idref="fl-14"/>
      </object_component>
      <object_component id="oc-177">
         <name>.debug_info</name>
         <load_address>0x2439e</load_address>
         <run_address>0x2439e</run_address>
         <size>0x223</size>
         <input_file_ref idref="fl-15"/>
      </object_component>
      <object_component id="oc-a2">
         <name>.debug_info</name>
         <load_address>0x245c1</load_address>
         <run_address>0x245c1</run_address>
         <size>0x2ba</size>
         <input_file_ref idref="fl-15"/>
      </object_component>
      <object_component id="oc-d3">
         <name>.debug_info</name>
         <load_address>0x2487b</load_address>
         <run_address>0x2487b</run_address>
         <size>0x294</size>
         <input_file_ref idref="fl-15"/>
      </object_component>
      <object_component id="oc-e5">
         <name>.debug_info</name>
         <load_address>0x24b0f</load_address>
         <run_address>0x24b0f</run_address>
         <size>0x292</size>
         <input_file_ref idref="fl-15"/>
      </object_component>
      <object_component id="oc-df">
         <name>.debug_info</name>
         <load_address>0x24da1</load_address>
         <run_address>0x24da1</run_address>
         <size>0x27f</size>
         <input_file_ref idref="fl-15"/>
      </object_component>
      <object_component id="oc-97">
         <name>.debug_info</name>
         <load_address>0x25020</load_address>
         <run_address>0x25020</run_address>
         <size>0x28c</size>
         <input_file_ref idref="fl-15"/>
      </object_component>
      <object_component id="oc-288">
         <name>.debug_info</name>
         <load_address>0x252ac</load_address>
         <run_address>0x252ac</run_address>
         <size>0x227</size>
         <input_file_ref idref="fl-16"/>
      </object_component>
      <object_component id="oc-149">
         <name>.debug_info</name>
         <load_address>0x254d3</load_address>
         <run_address>0x254d3</run_address>
         <size>0x247</size>
         <input_file_ref idref="fl-16"/>
      </object_component>
      <object_component id="oc-282">
         <name>.debug_info</name>
         <load_address>0x2571a</load_address>
         <run_address>0x2571a</run_address>
         <size>0x249</size>
         <input_file_ref idref="fl-16"/>
      </object_component>
      <object_component id="oc-143">
         <name>.debug_info</name>
         <load_address>0x25963</load_address>
         <run_address>0x25963</run_address>
         <size>0x326</size>
         <input_file_ref idref="fl-16"/>
      </object_component>
      <object_component id="oc-1ce">
         <name>.debug_info</name>
         <load_address>0x25c89</load_address>
         <run_address>0x25c89</run_address>
         <size>0x291</size>
         <input_file_ref idref="fl-16"/>
      </object_component>
      <object_component id="oc-14f">
         <name>.debug_info</name>
         <load_address>0x25f1a</load_address>
         <run_address>0x25f1a</run_address>
         <size>0x273</size>
         <input_file_ref idref="fl-16"/>
      </object_component>
      <object_component id="oc-155">
         <name>.debug_info</name>
         <load_address>0x2618d</load_address>
         <run_address>0x2618d</run_address>
         <size>0x24d</size>
         <input_file_ref idref="fl-16"/>
      </object_component>
      <object_component id="oc-24f">
         <name>.debug_info</name>
         <load_address>0x263da</load_address>
         <run_address>0x263da</run_address>
         <size>0x212</size>
         <input_file_ref idref="fl-17"/>
      </object_component>
      <object_component id="oc-25">
         <name>.debug_info</name>
         <load_address>0x265ec</load_address>
         <run_address>0x265ec</run_address>
         <size>0x17c</size>
         <input_file_ref idref="fl-cd"/>
      </object_component>
      <object_component id="oc-45">
         <name>.debug_info</name>
         <load_address>0x26768</load_address>
         <run_address>0x26768</run_address>
         <size>0x15c</size>
         <input_file_ref idref="fl-ce"/>
      </object_component>
      <object_component id="oc-16">
         <name>.debug_info</name>
         <load_address>0x268c4</load_address>
         <run_address>0x268c4</run_address>
         <size>0x1fb</size>
         <input_file_ref idref="fl-ce"/>
      </object_component>
      <object_component id="oc-40">
         <name>.debug_info</name>
         <load_address>0x26abf</load_address>
         <run_address>0x26abf</run_address>
         <size>0x46</size>
         <input_file_ref idref="fl-ce"/>
      </object_component>
      <object_component id="oc-10d">
         <name>.debug_info</name>
         <load_address>0x26b05</load_address>
         <run_address>0x26b05</run_address>
         <size>0x2c</size>
         <input_file_ref idref="fl-ce"/>
      </object_component>
      <object_component id="oc-4d">
         <name>.debug_info</name>
         <load_address>0x26b31</load_address>
         <run_address>0x26b31</run_address>
         <size>0x150</size>
         <input_file_ref idref="fl-cf"/>
      </object_component>
      <object_component id="oc-48">
         <name>.debug_info</name>
         <load_address>0x26c81</load_address>
         <run_address>0x26c81</run_address>
         <size>0x263</size>
         <input_file_ref idref="fl-cf"/>
      </object_component>
      <object_component id="oc-1a">
         <name>.debug_info</name>
         <load_address>0x26ee4</load_address>
         <run_address>0x26ee4</run_address>
         <size>0x1cd</size>
         <input_file_ref idref="fl-cf"/>
      </object_component>
      <object_component id="oc-4e">
         <name>.debug_info</name>
         <load_address>0x270b1</load_address>
         <run_address>0x270b1</run_address>
         <size>0x39</size>
         <input_file_ref idref="fl-cf"/>
      </object_component>
      <object_component id="oc-117">
         <name>.debug_info</name>
         <load_address>0x270ea</load_address>
         <run_address>0x270ea</run_address>
         <size>0x2c</size>
         <input_file_ref idref="fl-cf"/>
      </object_component>
      <object_component id="oc-313">
         <name>.debug_info</name>
         <load_address>0x27116</load_address>
         <run_address>0x27116</run_address>
         <size>0x21d</size>
         <input_file_ref idref="fl-d1"/>
      </object_component>
      <object_component id="oc-300">
         <name>.debug_info</name>
         <load_address>0x27333</load_address>
         <run_address>0x27333</run_address>
         <size>0x139</size>
         <input_file_ref idref="fl-d1"/>
      </object_component>
      <object_component id="oc-227">
         <name>.debug_info</name>
         <load_address>0x2746c</load_address>
         <run_address>0x2746c</run_address>
         <size>0xb91</size>
         <input_file_ref idref="fl-d1"/>
      </object_component>
      <object_component id="oc-315">
         <name>.debug_info</name>
         <load_address>0x27ffd</load_address>
         <run_address>0x27ffd</run_address>
         <size>0x39</size>
         <input_file_ref idref="fl-d1"/>
      </object_component>
      <object_component id="oc-346">
         <name>.debug_info</name>
         <load_address>0x28036</load_address>
         <run_address>0x28036</run_address>
         <size>0x165</size>
         <input_file_ref idref="fl-d2"/>
      </object_component>
      <object_component id="oc-2f7">
         <name>.debug_info</name>
         <load_address>0x2819b</load_address>
         <run_address>0x2819b</run_address>
         <size>0x25c</size>
         <input_file_ref idref="fl-d2"/>
      </object_component>
      <object_component id="oc-2fd">
         <name>.debug_info</name>
         <load_address>0x283f7</load_address>
         <run_address>0x283f7</run_address>
         <size>0x10f</size>
         <input_file_ref idref="fl-d3"/>
      </object_component>
      <object_component id="oc-138">
         <name>.debug_info</name>
         <load_address>0x28506</load_address>
         <run_address>0x28506</run_address>
         <size>0x250</size>
         <input_file_ref idref="fl-d4"/>
      </object_component>
      <object_component id="oc-132">
         <name>.debug_info</name>
         <load_address>0x28756</load_address>
         <run_address>0x28756</run_address>
         <size>0x1a1</size>
         <input_file_ref idref="fl-d4"/>
      </object_component>
      <object_component id="oc-78">
         <name>.debug_info</name>
         <load_address>0x288f7</load_address>
         <run_address>0x288f7</run_address>
         <size>0x230</size>
         <input_file_ref idref="fl-d4"/>
      </object_component>
      <object_component id="oc-236">
         <name>.debug_info</name>
         <load_address>0x28b27</load_address>
         <run_address>0x28b27</run_address>
         <size>0x160</size>
         <input_file_ref idref="fl-d5"/>
      </object_component>
      <object_component id="oc-305">
         <name>.debug_info</name>
         <load_address>0x28c87</load_address>
         <run_address>0x28c87</run_address>
         <size>0x13c</size>
         <input_file_ref idref="fl-d6"/>
      </object_component>
      <object_component id="oc-30a">
         <name>.debug_info</name>
         <load_address>0x28dc3</load_address>
         <run_address>0x28dc3</run_address>
         <size>0x13e</size>
         <input_file_ref idref="fl-d6"/>
      </object_component>
      <object_component id="oc-1f6">
         <name>.debug_info</name>
         <load_address>0x28f01</load_address>
         <run_address>0x28f01</run_address>
         <size>0x14e</size>
         <input_file_ref idref="fl-d7"/>
      </object_component>
      <object_component id="oc-22d">
         <name>.debug_info</name>
         <load_address>0x2904f</load_address>
         <run_address>0x2904f</run_address>
         <size>0x14e</size>
         <input_file_ref idref="fl-d8"/>
      </object_component>
      <object_component id="oc-231">
         <name>.debug_info</name>
         <load_address>0x2919d</load_address>
         <run_address>0x2919d</run_address>
         <size>0x152</size>
         <input_file_ref idref="fl-d9"/>
      </object_component>
      <object_component id="oc-223">
         <name>.debug_info</name>
         <load_address>0x292ef</load_address>
         <run_address>0x292ef</run_address>
         <size>0x140</size>
         <input_file_ref idref="fl-da"/>
      </object_component>
      <object_component id="oc-1f1">
         <name>.debug_info</name>
         <load_address>0x2942f</load_address>
         <run_address>0x2942f</run_address>
         <size>0x140</size>
         <input_file_ref idref="fl-db"/>
      </object_component>
      <object_component id="oc-3d">
         <name>.debug_info</name>
         <load_address>0x2956f</load_address>
         <run_address>0x2956f</run_address>
         <size>0x12d</size>
         <input_file_ref idref="fl-dc"/>
      </object_component>
      <object_component id="oc-56">
         <name>.debug_info</name>
         <load_address>0x2969c</load_address>
         <run_address>0x2969c</run_address>
         <size>0x15b</size>
         <input_file_ref idref="fl-dd"/>
      </object_component>
      <object_component id="oc-61">
         <name>.debug_info</name>
         <load_address>0x297f7</load_address>
         <run_address>0x297f7</run_address>
         <size>0x154</size>
         <input_file_ref idref="fl-de"/>
      </object_component>
      <object_component id="oc-67">
         <name>.debug_info</name>
         <load_address>0x2994b</load_address>
         <run_address>0x2994b</run_address>
         <size>0x164</size>
         <input_file_ref idref="fl-df"/>
      </object_component>
      <object_component id="oc-359">
         <name>.debug_info</name>
         <load_address>0x29aaf</load_address>
         <run_address>0x29aaf</run_address>
         <size>0x198</size>
         <input_file_ref idref="fl-e0"/>
      </object_component>
      <object_component id="oc-30d">
         <name>.debug_info</name>
         <load_address>0x29c47</load_address>
         <run_address>0x29c47</run_address>
         <size>0x1f1</size>
         <input_file_ref idref="fl-e0"/>
      </object_component>
      <object_component id="oc-354">
         <name>.debug_info</name>
         <load_address>0x29e38</load_address>
         <run_address>0x29e38</run_address>
         <size>0x2c</size>
         <input_file_ref idref="fl-e0"/>
      </object_component>
      <object_component id="oc-7e">
         <name>.debug_info</name>
         <load_address>0x29e64</load_address>
         <run_address>0x29e64</run_address>
         <size>0x125</size>
         <input_file_ref idref="fl-e1"/>
      </object_component>
      <object_component id="oc-2f4">
         <name>.debug_info</name>
         <load_address>0x29f89</load_address>
         <run_address>0x29f89</run_address>
         <size>0x106</size>
         <input_file_ref idref="fl-e2"/>
      </object_component>
      <object_component id="oc-21b">
         <name>.debug_info</name>
         <load_address>0x2a08f</load_address>
         <run_address>0x2a08f</run_address>
         <size>0x27c</size>
         <input_file_ref idref="fl-e2"/>
      </object_component>
      <object_component id="oc-165">
         <name>.debug_info</name>
         <load_address>0x2a30b</load_address>
         <run_address>0x2a30b</run_address>
         <size>0x156</size>
         <input_file_ref idref="fl-e3"/>
      </object_component>
      <object_component id="oc-27c">
         <name>.debug_info</name>
         <load_address>0x2a461</load_address>
         <run_address>0x2a461</run_address>
         <size>0x140</size>
         <input_file_ref idref="fl-e4"/>
      </object_component>
      <object_component id="oc-135">
         <name>.debug_info</name>
         <load_address>0x2a5a1</load_address>
         <run_address>0x2a5a1</run_address>
         <size>0x12f</size>
         <input_file_ref idref="fl-e4"/>
      </object_component>
      <object_component id="oc-276">
         <name>.debug_info</name>
         <load_address>0x2a6d0</load_address>
         <run_address>0x2a6d0</run_address>
         <size>0x23b</size>
         <input_file_ref idref="fl-e4"/>
      </object_component>
      <object_component id="oc-130">
         <name>.debug_info</name>
         <load_address>0x2a90b</load_address>
         <run_address>0x2a90b</run_address>
         <size>0x182</size>
         <input_file_ref idref="fl-e5"/>
      </object_component>
      <object_component id="oc-72">
         <name>.debug_info</name>
         <load_address>0x2aa8d</load_address>
         <run_address>0x2aa8d</run_address>
         <size>0x183</size>
         <input_file_ref idref="fl-e5"/>
      </object_component>
      <object_component id="oc-26d">
         <name>.debug_info</name>
         <load_address>0x2ac10</load_address>
         <run_address>0x2ac10</run_address>
         <size>0x5e</size>
         <input_file_ref idref="fl-e5"/>
      </object_component>
      <object_component id="oc-12e">
         <name>.debug_info</name>
         <load_address>0x2ac6e</load_address>
         <run_address>0x2ac6e</run_address>
         <size>0x305</size>
         <input_file_ref idref="fl-e6"/>
      </object_component>
      <object_component id="oc-6f">
         <name>.debug_info</name>
         <load_address>0x2af73</load_address>
         <run_address>0x2af73</run_address>
         <size>0x1ac</size>
         <input_file_ref idref="fl-e6"/>
      </object_component>
      <object_component id="oc-261">
[...]
         <value>0xa249</value>
         <object_component_ref idref="oc-b8"/>
      </symbol>
      <symbol id="sm-b2a">
         <name>bno055_set_gyro_sleep_durn</name>
         <value>0x97a3</value>
         <object_component_ref idref="oc-b8"/>
      </symbol>
      <symbol id="sm-b2b">
         <name>bno055_get_gyro_sleep_durn</name>
         <value>0x9721</value>
         <object_component_ref idref="oc-b8"/>
      </symbol>
      <symbol id="sm-b2c">
         <name>bno055_get_intr_accel_no_motion</name>
         <value>0xa98d</value>
         <object_component_ref idref="oc-b8"/>
      </symbol>
      <symbol id="sm-b2d">
         <name>bno055_get_intr_gyro_highrate</name>
         <value>0xa5e9</value>
         <object_component_ref idref="oc-b8"/>
      </symbol>
      <symbol id="sm-b2e">
         <name>bno055_convert_double_gyro_x_rps</name>
         <value>0x3b7d</value>
         <object_component_ref idref="oc-b8"/>
      </symbol>
      <symbol id="sm-b2f">
         <name>bno055_set_intr_accel_no_motion</name>
         <value>0xaa11</value>
         <object_component_ref idref="oc-b8"/>
      </symbol>
      <symbol id="sm-b30">
         <name>bno055_convert_float_gyro_x_dps</name>
         <value>0x24c1</value>
         <object_component_ref idref="oc-b8"/>
      </symbol>
      <symbol id="sm-b5c">
         <name>reverse</name>
         <value>0xecd1</value>
         <object_component_ref idref="oc-be"/>
      </symbol>
      <symbol id="sm-b5d">
         <name>convertFloat</name>
         <value>0xed8b</value>
         <object_component_ref idref="oc-be"/>
      </symbol>
      <symbol id="sm-b5e">
         <name>alt2</name>
         <value>0xee73</value>
         <object_component_ref idref="oc-be"/>
      </symbol>
      <symbol id="sm-b5f">
         <name>ftoa</name>
         <value>0xec31</value>
         <object_component_ref idref="oc-be"/>
      </symbol>
      <symbol id="sm-b60">
         <name>float2String</name>
         <value>0xeaf1</value>
         <object_component_ref idref="oc-be"/>
      </symbol>
      <symbol id="sm-b61">
         <name>intToStr</name>
         <value>0xed21</value>
         <object_component_ref idref="oc-be"/>
      </symbol>
      <symbol id="sm-b62">
         <name>altitude</name>
         <value>0xede9</value>
         <object_component_ref idref="oc-be"/>
      </symbol>
      <symbol id="sm-b86">
         <name>i2cReadData</name>
         <value>0xf389</value>
         <object_component_ref idref="oc-a6"/>
      </symbol>
      <symbol id="sm-b87">
         <name>i2cWriteData</name>
         <value>0xf2d3</value>
         <object_component_ref idref="oc-a6"/>
      </symbol>
      <symbol id="sm-b88">
         <name>i2cWrite</name>
         <value>0xf2af</value>
         <object_component_ref idref="oc-a6"/>
      </symbol>
      <symbol id="sm-b89">
         <name>delay</name>
         <value>0xf453</value>
         <object_component_ref idref="oc-a6"/>
      </symbol>
      <symbol id="sm-b8a">
         <name>initI2C</name>
         <value>0xf24d</value>
         <object_component_ref idref="oc-a6"/>
      </symbol>
      <symbol id="sm-b8b">
         <name>i2cRead</name>
         <value>0xf331</value>
         <object_component_ref idref="oc-a6"/>
      </symbol>
      <symbol id="sm-b9a">
         <name>ConfigureUART</name>
         <value>0x10385</value>
         <object_component_ref idref="oc-ac"/>
      </symbol>
      <symbol id="sm-c09">
         <name>UARTgetc</name>
         <value>0xe79b</value>
         <object_component_ref idref="oc-81"/>
      </symbol>
      <symbol id="sm-c0a">
         <name>UARTgets</name>
         <value>0xe6e1</value>
         <object_component_ref idref="oc-81"/>
      </symbol>
      <symbol id="sm-c0b">
         <name>UARTStdioConfig</name>
         <value>0xe655</value>
         <object_component_ref idref="oc-81"/>
      </symbol>
      <symbol id="sm-c0c">
         <name>UARTwrite</name>
         <value>0xe69b</value>
         <object_component_ref idref="oc-81"/>
      </symbol>
      <symbol id="sm-c0d">
         <name>UARTprintf</name>
         <value>0xeabb</value>
         <object_component_ref idref="oc-81"/>
      </symbol>
      <symbol id="sm-c0e">
         <name>UARTvprintf</name>
         <value>0xe7c1</value>
         <object_component_ref idref="oc-81"/>
      </symbol>
      <symbol id="sm-c1a">
         <name>FPUEnable</name>
         <value>0x106a5</value>
         <object_component_ref idref="oc-b2"/>
      </symbol>
      <symbol id="sm-c5c">
         <name>GPIOPinConfigure</name>
         <value>0x103d1</value>
         <object_component_ref idref="oc-17d"/>
      </symbol>
      <symbol id="sm-c5d">
         <name>GPIOPinTypeI2CSCL</name>
         <value>0x1066f</value>
         <object_component_ref idref="oc-183"/>
      </symbol>
      <symbol id="sm-c5e">
         <name>GPIOPinTypeI2C</name>
         <value>0x1065d</value>
         <object_component_ref idref="oc-189"/>
      </symbol>
      <symbol id="sm-c5f">
         <name>GPIOPinTypeUART</name>
         <value>0x10681</value>
         <object_component_ref idref="oc-1c7"/>
      </symbol>
      <symbol id="sm-c60">
         <name>GPIODirModeSet</name>
         <value>0x105ab</value>
         <object_component_ref idref="oc-2ae"/>
      </symbol>
      <symbol id="sm-c61">
         <name>GPIOPadConfigSet</name>
         <value>0xf8e3</value>
         <object_component_ref idref="oc-2b4"/>
      </symbol>
      <symbol id="sm-caa">
         <name>I2CMasterDataPut</name>
         <value>0x1073d</value>
         <object_component_ref idref="oc-1a7"/>
      </symbol>
      <symbol id="sm-cab">
         <name>I2CMasterInitExpClk</name>
         <value>0x102ed</value>
         <object_component_ref idref="oc-18f"/>
      </symbol>
      <symbol id="sm-cac">
         <name>I2CMasterSlaveAddrSet</name>
         <value>0x10713</value>
         <object_component_ref idref="oc-1a1"/>
      </symbol>
      <symbol id="sm-cad">
         <name>I2CMasterDataGet</name>
         <value>0x10739</value>
         <object_component_ref idref="oc-1b9"/>
      </symbol>
      <symbol id="sm-cae">
         <name>I2CMasterTimeoutSet</name>
         <value>0x10741</value>
         <object_component_ref idref="oc-195"/>
      </symbol>
      <symbol id="sm-caf">
         <name>I2CMasterControl</name>
         <value>0x10735</value>
         <object_component_ref idref="oc-1ad"/>
      </symbol>
      <symbol id="sm-cb0">
         <name>I2CMasterBusy</name>
         <value>0x1070b</value>
         <object_component_ref idref="oc-1b3"/>
      </symbol>
      <symbol id="sm-cb1">
         <name>I2CMasterEnable</name>
         <value>0x106ed</value>
         <object_component_ref idref="oc-19b"/>
      </symbol>
      <symbol id="sm-ce1">
         <name>IntEnable</name>
         <value>0x1017d</value>
         <object_component_ref idref="oc-ca"/>
      </symbol>
      <symbol id="sm-ce2">
         <name>IntMasterEnable</name>
         <value>0x106b5</value>
         <object_component_ref idref="oc-d6"/>
      </symbol>
      <symbol id="sm-d3f">
         <name>SysCtlPeripheralPresent</name>
         <value>0x104a1</value>
         <object_component_ref idref="oc-13c"/>
      </symbol>
      <symbol id="sm-d40">
         <name>SysCtlClockSet</name>
         <value>0xfd1d</value>
         <object_component_ref idref="oc-88"/>
      </symbol>
      <symbol id="sm-d41">
         <name>SysCtlDelay</name>
         <value>0x10723</value>
         <object_component_ref idref="oc-172"/>
      </symbol>
      <symbol id="sm-d42">
         <name>SysCtlPeripheralEnable</name>
         <value>0x10549</value>
         <object_component_ref idref="oc-8e"/>
      </symbol>
      <symbol id="sm-d43">
         <name>SysCtlClockGet</name>
         <value>0xfa15</value>
         <object_component_ref idref="oc-9a"/>
      </symbol>
      <symbol id="sm-d77">
         <name>TimerLoadSet</name>
         <value>0x10693</value>
         <object_component_ref idref="oc-a0"/>
      </symbol>
      <symbol id="sm-d78">
         <name>TimerEnable</name>
         <value>0x106c5</value>
         <object_component_ref idref="oc-dc"/>
      </symbol>
      <symbol id="sm-d79">
         <name>TimerIntEnable</name>
         <value>0x1071b</value>
         <object_component_ref idref="oc-d0"/>
      </symbol>
      <symbol id="sm-d7a">
         <name>TimerConfigure</name>
         <value>0x101e5</value>
         <object_component_ref idref="oc-94"/>
      </symbol>
      <symbol id="sm-d7b">
         <name>TimerIntClear</name>
         <value>0x10745</value>
         <object_component_ref idref="oc-e2"/>
      </symbol>
      <symbol id="sm-db6">
         <name>UARTConfigSetExpClk</name>
         <value>0x10419</value>
         <object_component_ref idref="oc-142"/>
      </symbol>
      <symbol id="sm-db7">
         <name>UARTDisable</name>
         <value>0x105d5</value>
         <object_component_ref idref="oc-281"/>
      </symbol>
      <symbol id="sm-db8">
         <name>UARTClockSourceSet</name>
         <value>0x10729</value>
         <object_component_ref idref="oc-1cd"/>
      </symbol>
      <symbol id="sm-db9">
         <name>UARTCharPut</name>
         <value>0x10701</value>
         <object_component_ref idref="oc-14e"/>
      </symbol>
      <symbol id="sm-dba">
         <name>UARTEnable</name>
         <value>0x1060d</value>
         <object_component_ref idref="oc-148"/>
      </symbol>
      <symbol id="sm-dbb">
         <name>UARTCharGet</name>
         <value>0x106f7</value>
         <object_component_ref idref="oc-154"/>
      </symbol>
      <symbol id="sm-dc5">
         <name>CPUcpsie</name>
         <value>0x106e1</value>
         <object_component_ref idref="oc-24c"/>
      </symbol>
      <symbol id="sm-dd6">
         <name>_c_int00</name>
         <value>0x10245</value>
         <object_component_ref idref="oc-24"/>
      </symbol>
      <symbol id="sm-dd7">
         <name>__stack</name>
         <value>0x20000000</value>
         <object_component_ref idref="oc-2a"/>
      </symbol>
      <symbol id="sm-dee">
         <name>__TI_decompress_none</name>
         <value>0x106d3</value>
         <object_component_ref idref="oc-12"/>
      </symbol>
      <symbol id="sm-e16">
         <name>__TI_decompress_rle24</name>
         <value>0x1072f</value>
         <object_component_ref idref="oc-18"/>
      </symbol>
      <symbol id="sm-ea6">
         <name>pow</name>
         <value>0xd6f9</value>
         <object_component_ref idref="oc-225"/>
      </symbol>
      <symbol id="sm-ea7">
         <name>powl</name>
         <value>0xd6f9</value>
         <object_component_ref idref="oc-225"/>
      </symbol>
      <symbol id="sm-ecb">
         <name>sqrtl</name>
         <value>0xf63d</value>
         <object_component_ref idref="oc-2f6"/>
      </symbol>
      <symbol id="sm-ecc">
         <name>sqrt</name>
         <value>0xf63d</value>
         <object_component_ref idref="oc-2f6"/>
      </symbol>
      <symbol id="sm-ed4">
         <name>errno</name>
         <value>0x200002c8</value>
         <object_component_ref idref="oc-2fc"/>
      </symbol>
      <symbol id="sm-ef5">
         <name>C$$EXIT</name>
         <value>0x10299</value>
         <object_component_ref idref="oc-77"/>
      </symbol>
      <symbol id="sm-ef6">
         <name>abort</name>
         <value>0x1029d</value>
         <object_component_ref idref="oc-77"/>
      </symbol>
      <symbol id="sm-ef7">
         <name>exit</name>
         <value>0x102a5</value>
         <object_component_ref idref="oc-77"/>
      </symbol>
      <symbol id="sm-ef8">
         <name>__TI_dtors_ptr</name>
         <value>0x200002b0</value>
         <object_component_ref idref="oc-131"/>
      </symbol>
      <symbol id="sm-ef9">
         <name>__TI_cleanup_ptr</name>
         <value>0x200002ac</value>
         <object_component_ref idref="oc-131"/>
      </symbol>
      <symbol id="sm-efa">
         <name>__TI_enable_exit_profile_output</name>
         <value>0x200002b4</value>
         <object_component_ref idref="oc-131"/>
      </symbol>
      <symbol id="sm-f11">
         <name>__aeabi_dsub</name>
         <value>0xf485</value>
         <object_component_ref idref="oc-235"/>
      </symbol>
      <symbol id="sm-f12">
         <name>__aeabi_dadd</name>
         <value>0xf48f</value>
         <object_component_ref idref="oc-235"/>
      </symbol>
      <symbol id="sm-f34">
         <name>__aeabi_cdcmpeq</name>
         <value>0xfead</value>
         <object_component_ref idref="oc-302"/>
      </symbol>
      <symbol id="sm-f35">
         <name>__aeabi_cdcmple</name>
         <value>0xfead</value>
         <object_component_ref idref="oc-302"/>
      </symbol>
      <symbol id="sm-f36">
         <name>__aeabi_cdrcmple</name>
         <value>0xff33</value>
         <object_component_ref idref="oc-307"/>
      </symbol>
      <symbol id="sm-f4a">
         <name>__aeabi_ddiv</name>
         <value>0xf7ad</value>
         <object_component_ref idref="oc-1f5"/>
      </symbol>
      <symbol id="sm-f55">
         <name>__aeabi_dmul</name>
         <value>0xfb25</value>
         <object_component_ref idref="oc-22b"/>
      </symbol>
      <symbol id="sm-f61">
         <name>__aeabi_d2f</name>
         <value>0x100a5</value>
         <object_component_ref idref="oc-230"/>
      </symbol>
      <symbol id="sm-f6c">
         <name>__aeabi_f2d</name>
         <value>0x104d9</value>
         <object_component_ref idref="oc-220"/>
      </symbol>
      <symbol id="sm-f76">
         <name>__aeabi_i2d</name>
         <value>0x1057d</value>
         <object_component_ref idref="oc-1f0"/>
      </symbol>
      <symbol id="sm-f91">
         <name>memcpy</name>
         <value>0xfe11</value>
         <object_component_ref idref="oc-3a"/>
      </symbol>
      <symbol id="sm-f92">
         <name>__aeabi_memcpy</name>
         <value>0xfe11</value>
         <object_component_ref idref="oc-3a"/>
      </symbol>
      <symbol id="sm-f93">
         <name>__aeabi_memcpy8</name>
         <value>0xfe11</value>
         <object_component_ref idref="oc-3a"/>
      </symbol>
      <symbol id="sm-f94">
         <name>__aeabi_memcpy4</name>
         <value>0xfe11</value>
         <object_component_ref idref="oc-3a"/>
      </symbol>
      <symbol id="sm-fa3">
         <name>__aeabi_memset</name>
         <value>0xffbb</value>
         <object_component_ref idref="oc-53"/>
      </symbol>
      <symbol id="sm-fa4">
         <name>memset</name>
         <value>0xffc1</value>
         <object_component_ref idref="oc-53"/>
      </symbol>
      <symbol id="sm-fa5">
         <name>__aeabi_memset8</name>
         <value>0xffbb</value>
         <object_component_ref idref="oc-53"/>
      </symbol>
      <symbol id="sm-fa6">
         <name>__aeabi_memset4</name>
         <value>0xffbb</value>
         <object_component_ref idref="oc-53"/>
      </symbol>
      <symbol id="sm-fa7">
         <name>__aeabi_memclr8</name>
         <value>0xffb9</value>
         <object_component_ref idref="oc-53"/>
      </symbol>
      <symbol id="sm-fa8">
         <name>__aeabi_memclr4</name>
         <value>0xffb9</value>
         <object_component_ref idref="oc-53"/>
      </symbol>
      <symbol id="sm-fa9">
         <name>__aeabi_memclr</name>
         <value>0xffb9</value>
         <object_component_ref idref="oc-53"/>
      </symbol>
      <symbol id="sm-fb3">
         <name>__mpu_init</name>
         <value>0x10033</value>
         <object_component_ref idref="oc-5f"/>
      </symbol>
      <symbol id="sm-fbd">
         <name>_system_pre_init</name>
         <value>0x10749</value>
         <object_component_ref idref="oc-65"/>
      </symbol>
      <symbol id="sm-fdf">
         <name>scalbn</name>
         <value>0xfc21</value>
         <object_component_ref idref="oc-30c"/>
      </symbol>
      <symbol id="sm-fe0">
         <name>scalbnl</name>
         <value>0xfc21</value>
         <object_component_ref idref="oc-30c"/>
      </symbol>
      <symbol id="sm-fe1">
         <name>ldexpl</name>
         <value>0xfc21</value>
         <object_component_ref idref="oc-30c"/>
      </symbol>
      <symbol id="sm-fe2">
         <name>ldexp</name>
         <value>0xfc21</value>
         <object_component_ref idref="oc-30c"/>
      </symbol>
      <symbol id="sm-fea">
         <name>main_func_sp</name>
         <value>0x200002cc</value>
         <object_component_ref idref="oc-7d"/>
      </symbol>
      <symbol id="sm-ff8">
         <name>strlen</name>
         <value>0x10649</value>
         <object_component_ref idref="oc-21a"/>
      </symbol>
      <symbol id="sm-1007">
         <name>__aeabi_uidivmod</name>
         <value>0x1045f</value>
         <object_component_ref idref="oc-163"/>
      </symbol>
      <symbol id="sm-1008">
         <name>__aeabi_uidiv</name>
         <value>0x1045f</value>
         <object_component_ref idref="oc-163"/>
      </symbol>
      <symbol id="sm-1021">
         <name>_nop</name>
         <value>0x1062f</value>
         <object_component_ref idref="oc-274"/>
      </symbol>
      <symbol id="sm-1022">
         <name>_lock</name>
         <value>0x200002b8</value>
         <object_component_ref idref="oc-134"/>
      </symbol>
      <symbol id="sm-1023">
         <name>_unlock</name>
         <value>0x200002bc</value>
         <object_component_ref idref="oc-134"/>
      </symbol>
      <symbol id="sm-1024">
         <name>_register_lock</name>
         <value>0x10627</value>
         <object_component_ref idref="oc-274"/>
      </symbol>
      <symbol id="sm-1025">
         <name>_register_unlock</name>
         <value>0x10621</value>
         <object_component_ref idref="oc-274"/>
      </symbol>
      <symbol id="sm-1039">
         <name>_args_main</name>
         <value>0x105f5</value>
         <object_component_ref idref="oc-71"/>
      </symbol>
      <symbol id="sm-105e">
         <name>__TI_auto_init</name>
         <value>0x10035</value>
         <object_component_ref idref="oc-6b"/>
      </symbol>
      <symbol id="sm-1078">
         <name>copy_in</name>
         <value>0x10339</value>
         <object_component_ref idref="oc-121"/>
      </symbol>
      <symbol id="sm-1082">
         <name>__aeabi_idiv0</name>
         <value>0xf63b</value>
         <object_component_ref idref="oc-292"/>
      </symbol>
      <symbol id="sm-108c">
         <name>copysign</name>
         <value>0x10635</value>
         <object_component_ref idref="oc-34d"/>
      </symbol>
      <symbol id="sm-108d">
         <name>copysignl</name>
         <value>0x10635</value>
         <object_component_ref idref="oc-34d"/>
      </symbol>
      <symbol id="sm-1097">
         <name>_system_post_cinit</name>
         <value>0x1049f</value>
         <object_component_ref idref="oc-127"/>
      </symbol>
      <symbol id="sm-1098">
         <name>__TI_static_base__</name>
         <value>0x0</value>
      </symbol>
      <symbol id="sm-109b">
         <name>SHT$$INIT_ARRAY$$Limit</name>
         <value>0x0</value>
      </symbol>
      <symbol id="sm-109c">
         <name>SHT$$INIT_ARRAY$$Base</name>
         <value>0x0</value>
      </symbol>
   </symbol_table>
   <title>Link successful</title>
</link_info>
