<?xml version="1.0"?>
<link_info>
   <banner>TI ARM Linker PC v15.12.1.LTS</banner>
   <copyright>Copyright (c) 1996-2015 Texas Instruments Incorporated</copyright>
   <link_time>0x58264797</link_time>
   <link_errors>0x0</link_errors>
   <output_file>i2c9250.out</output_file>
   <entry_point>
      <name>_c_int00</name>
      <address>0x2b81</address>
   </entry_point>
   <input_file_list>
      <input_file id="fl-2">
         <path>.\</path>
         <kind>object</kind>
         <file>accgyro.obj</file>
         <name>accgyro.obj</name>
      </input_file>
      <input_file id="fl-3">
         <path>.\</path>
         <kind>object</kind>
         <file>conversions.obj</file>
         <name>conversions.obj</name>
      </input_file>
      <input_file id="fl-4">
         <path>.\</path>
         <kind>object</kind>
         <file>i2c.obj</file>
         <name>i2c.obj</name>
      </input_file>
      <input_file id="fl-5">
         <path>.\</path>
         <kind>object</kind>
         <file>magnet.obj</file>
         <name>magnet.obj</name>
      </input_file>
      <input_file id="fl-6">
         <path>.\</path>
         <kind>object</kind>
         <file>main.obj</file>
         <name>main.obj</name>
      </input_file>
      <input_file id="fl-7">
         <path>.\</path>
         <kind>object</kind>
         <file>tm4c123gh6pm_startup_ccs.obj</file>
         <name>tm4c123gh6pm_startup_ccs.obj</name>
      </input_file>
      <input_file id="fl-8">
         <path>.\</path>
         <kind>object</kind>
         <file>uart.obj</file>
         <name>uart.obj</name>
      </input_file>
      <input_file id="fl-9">
         <path>.\</path>
         <kind>object</kind>
         <file>uartstdio.obj</file>
         <name>uartstdio.obj</name>
      </input_file>
      <input_file id="fl-f">
         <path>C:\ti\TivaWare_C_Series-2.1.3.156\driverlib\ccs\Debug\</path>
         <kind>archive</kind>
         <file>driverlib.lib</file>
         <name>fpu.obj</name>
      </input_file>
      <input_file id="fl-10">
         <path>C:\ti\TivaWare_C_Series-2.1.3.156\driverlib\ccs\Debug\</path>
         <kind>archive</kind>
         <file>driverlib.lib</file>
         <name>gpio.obj</name>
      </input_file>
      <input_file id="fl-11">
         <path>C:\ti\TivaWare_C_Series-2.1.3.156\driverlib\ccs\Debug\</path>
         <kind>archive</kind>
         <file>driverlib.lib</file>
         <name>i2c.obj</name>
      </input_file>
      <input_file id="fl-12">
         <path>C:\ti\TivaWare_C_Series-2.1.3.156\driverlib\ccs\Debug\</path>
         <kind>archive</kind>
         <file>driverlib.lib</file>
         <name>interrupt.obj</name>
      </input_file>
      <input_file id="fl-13">
         <path>C:\ti\TivaWare_C_Series-2.1.3.156\driverlib\ccs\Debug\</path>
         <kind>archive</kind>
         <file>driverlib.lib</file>
         <name>sysctl.obj</name>
      </input_file>
      <input_file id="fl-14">
         <path>C:\ti\TivaWare_C_Series-2.1.3.156\driverlib\ccs\Debug\</path>
         <kind>archive</kind>
         <file>driverlib.lib</file>
         <name>uart.obj</name>
      </input_file>
      <input_file id="fl-15">
         <path>C:\ti\TivaWare_C_Series-2.1.3.156\driverlib\ccs\Debug\</path>
         <kind>archive</kind>
         <file>driverlib.lib</file>
         <name>cpu.obj</name>
      </input_file>
      <input_file id="fl-cb">
         <path>C:\ti\ccsv6\tools\compiler\ti-cgt-arm_15.12.1.LTS\lib\</path>
         <kind>archive</kind>
         <file>rtsv7M4_T_le_v4SPD16_eabi.lib</file>
         <name>boot.obj</name>
      </input_file>
      <input_file id="fl-cc">
         <path>C:\ti\ccsv6\tools\compiler\ti-cgt-arm_15.12.1.LTS\lib\</path>
         <kind>archive</kind>
         <file>rtsv7M4_T_le_v4SPD16_eabi.lib</file>
         <name>copy_decompress_none.obj</name>
      </input_file>
      <input_file id="fl-cd">
         <path>C:\ti\ccsv6\tools\compiler\ti-cgt-arm_15.12.1.LTS\lib\</path>
         <kind>archive</kind>
         <file>rtsv7M4_T_le_v4SPD16_eabi.lib</file>
         <name>copy_decompress_rle.obj</name>
      </input_file>
      <input_file id="fl-ce">
         <path>C:\ti\ccsv6\tools\compiler\ti-cgt-arm_15.12.1.LTS\lib\</path>
         <kind>archive</kind>
         <file>rtsv7M4_T_le_v4SPD16_eabi.lib</file>
         <name>copy_zero_init.obj</name>
      </input_file>
      <input_file id="fl-cf">
         <path>C:\ti\ccsv6\tools\compiler\ti-cgt-arm_15.12.1.LTS\lib\</path>
         <kind>archive</kind>
         <file>rtsv7M4_T_le_v4SPD16_eabi.lib</file>
         <name>e_sqrt.obj</name>
      </input_file>
      <input_file id="fl-d0">
         <path>C:\ti\ccsv6\tools\compiler\ti-cgt-arm_15.12.1.LTS\lib\</path>
         <kind>archive</kind>
         <file>rtsv7M4_T_le_v4SPD16_eabi.lib</file>
         <name>errno.obj</name>
      </input_file>
      <input_file id="fl-d1">
         <path>C:\ti\ccsv6\tools\compiler\ti-cgt-arm_15.12.1.LTS\lib\</path>
         <kind>archive</kind>
         <file>rtsv7M4_T_le_v4SPD16_eabi.lib</file>
         <name>exit.obj</name>
      </input_file>
      <input_file id="fl-d2">
         <path>C:\ti\ccsv6\tools\compiler\ti-cgt-arm_15.12.1.LTS\lib\</path>
         <kind>archive</kind>
         <file>rtsv7M4_T_le_v4SPD16_eabi.lib</file>
         <name>fd_add_t2.obj</name>
      </input_file>
      <input_file id="fl-d3">
         <path>C:\ti\ccsv6\tools\compiler\ti-cgt-arm_15.12.1.LTS\lib\</path>
         <kind>archive</kind>
         <file>rtsv7M4_T_le_v4SPD16_eabi.lib</file>
         <name>fd_cmp_t2.obj</name>
      </input_file>
      <input_file id="fl-d4">
         <path>C:\ti\ccsv6\tools\compiler\ti-cgt-arm_15.12.1.LTS\lib\</path>
         <kind>archive</kind>
         <file>rtsv7M4_T_le_v4SPD16_eabi.lib</file>
         <name>fd_div_t2.obj</name>
      </input_file>
      <input_file id="fl-d5">
         <path>C:\ti\ccsv6\tools\compiler\ti-cgt-arm_15.12.1.LTS\lib\</path>
         <kind>archive</kind>
         <file>rtsv7M4_T_le_v4SPD16_eabi.lib</file>
         <name>fd_mul_t2.obj</name>
      </input_file>
      <input_file id="fl-d6">
         <path>C:\ti\ccsv6\tools\compiler\ti-cgt-arm_15.12.1.LTS\lib\</path>
         <kind>archive</kind>
         <file>rtsv7M4_T_le_v4SPD16_eabi.lib</file>
         <name>fd_tos_t2.obj</name>
      </input_file>
      <input_file id="fl-d7">
         <path>C:\ti\ccsv6\tools\compiler\ti-cgt-arm_15.12.1.LTS\lib\</path>
         <kind>archive</kind>
         <file>rtsv7M4_T_le_v4SPD16_eabi.lib</file>
         <name>fs_tod_t2.obj</name>
      </input_file>
      <input_file id="fl-d8">
         <path>C:\ti\ccsv6\tools\compiler\ti-cgt-arm_15.12.1.LTS\lib\</path>
         <kind>archive</kind>
         <file>rtsv7M4_T_le_v4SPD16_eabi.lib</file>
         <name>i_tofd_t2.obj</name>
      </input_file>
      <input_file id="fl-d9">
         <path>C:\ti\ccsv6\tools\compiler\ti-cgt-arm_15.12.1.LTS\lib\</path>
         <kind>archive</kind>
         <file>rtsv7M4_T_le_v4SPD16_eabi.lib</file>
         <name>memcpy_t2.obj</name>
      </input_file>
      <input_file id="fl-da">
         <path>C:\ti\ccsv6\tools\compiler\ti-cgt-arm_15.12.1.LTS\lib\</path>
         <kind>archive</kind>
         <file>rtsv7M4_T_le_v4SPD16_eabi.lib</file>
         <name>memset_t2.obj</name>
      </input_file>
      <input_file id="fl-db">
         <path>C:\ti\ccsv6\tools\compiler\ti-cgt-arm_15.12.1.LTS\lib\</path>
         <kind>archive</kind>
         <file>rtsv7M4_T_le_v4SPD16_eabi.lib</file>
         <name>mpu_init.obj</name>
      </input_file>
      <input_file id="fl-dc">
         <path>C:\ti\ccsv6\tools\compiler\ti-cgt-arm_15.12.1.LTS\lib\</path>
         <kind>archive</kind>
         <file>rtsv7M4_T_le_v4SPD16_eabi.lib</file>
         <name>pre_init.obj</name>
      </input_file>
      <input_file id="fl-dd">
         <path>C:\ti\ccsv6\tools\compiler\ti-cgt-arm_15.12.1.LTS\lib\</path>
         <kind>archive</kind>
         <file>rtsv7M4_T_le_v4SPD16_eabi.lib</file>
         <name>stkdepth_vars.obj</name>
      </input_file>
      <input_file id="fl-de">
         <path>C:\ti\ccsv6\tools\compiler\ti-cgt-arm_15.12.1.LTS\lib\</path>
         <kind>archive</kind>
         <file>rtsv7M4_T_le_v4SPD16_eabi.lib</file>
         <name>strlen.obj</name>
      </input_file>
      <input_file id="fl-df">
         <path>C:\ti\ccsv6\tools\compiler\ti-cgt-arm_15.12.1.LTS\lib\</path>
         <kind>archive</kind>
         <file>rtsv7M4_T_le_v4SPD16_eabi.lib</file>
         <name>u_divt2.obj</name>
      </input_file>
      <input_file id="fl-e0">
         <path>C:\ti\ccsv6\tools\compiler\ti-cgt-arm_15.12.1.LTS\lib\</path>
         <kind>archive</kind>
         <file>rtsv7M4_T_le_v4SPD16_eabi.lib</file>
         <name>_lock.obj</name>
      </input_file>
      <input_file id="fl-e1">
         <path>C:\ti\ccsv6\tools\compiler\ti-cgt-arm_15.12.1.LTS\lib\</path>
         <kind>archive</kind>
         <file>rtsv7M4_T_le_v4SPD16_eabi.lib</file>
         <name>args_main.obj</name>
      </input_file>
      <input_file id="fl-e2">
         <path>C:\ti\ccsv6\tools\compiler\ti-cgt-arm_15.12.1.LTS\lib\</path>
         <kind>archive</kind>
         <file>rtsv7M4_T_le_v4SPD16_eabi.lib</file>
         <name>autoinit.obj</name>
      </input_file>
      <input_file id="fl-e3">
         <path>C:\ti\ccsv6\tools\compiler\ti-cgt-arm_15.12.1.LTS\lib\</path>
         <kind>archive</kind>
         <file>rtsv7M4_T_le_v4SPD16_eabi.lib</file>
         <name>cpy_tbl.obj</name>
      </input_file>
      <input_file id="fl-e4">
         <path>C:\ti\ccsv6\tools\compiler\ti-cgt-arm_15.12.1.LTS\lib\</path>
         <kind>archive</kind>
         <file>rtsv7M4_T_le_v4SPD16_eabi.lib</file>
         <name>i_div0.obj</name>
      </input_file>
      <input_file id="fl-e5">
         <path>C:\ti\ccsv6\tools\compiler\ti-cgt-arm_15.12.1.LTS\lib\</path>
         <kind>archive</kind>
         <file>rtsv7M4_T_le_v4SPD16_eabi.lib</file>
         <name>startup.obj</name>
      </input_file>
   </input_file_list>
   <object_component_list>
      <object_component id="oc-f">
         <name>.intvecs</name>
         <load_address>0x0</load_address>
         <run_address>0x0</run_address>
         <size>0x26c</size>
         <input_file_ref idref="fl-7"/>
      </object_component>
      <object_component id="oc-e5">
         <name>.text</name>
         <load_address>0x26c</load_address>
         <run_address>0x26c</run_address>
         <size>0x11f0</size>
         <input_file_ref idref="fl-2"/>
      </object_component>
      <object_component id="oc-f1">
         <name>.text</name>
         <load_address>0x145c</load_address>
         <run_address>0x145c</run_address>
         <size>0x49c</size>
         <input_file_ref idref="fl-9"/>
      </object_component>
      <object_component id="oc-ab">
         <name>.text</name>
         <load_address>0x18f8</load_address>
         <run_address>0x18f8</run_address>
         <size>0x370</size>
         <input_file_ref idref="fl-6"/>
      </object_component>
      <object_component id="oc-d3">
         <name>.text</name>
         <load_address>0x1c68</load_address>
         <run_address>0x1c68</run_address>
         <size>0x240</size>
         <input_file_ref idref="fl-4"/>
      </object_component>
      <object_component id="oc-1b2">
         <name>.text</name>
         <load_address>0x1ea8</load_address>
         <run_address>0x1ea8</run_address>
         <size>0x1b6</size>
         <input_file_ref idref="fl-d2"/>
      </object_component>
      <object_component id="oc-26a">
         <name>.text</name>
         <load_address>0x205e</load_address>
         <run_address>0x205e</run_address>
         <size>0x2</size>
         <input_file_ref idref="fl-e4"/>
      </object_component>
      <object_component id="oc-1a6">
         <name>.text</name>
         <load_address>0x2060</load_address>
         <run_address>0x2060</run_address>
         <size>0x170</size>
         <input_file_ref idref="fl-cf"/>
      </object_component>
      <object_component id="oc-eb">
         <name>.text</name>
         <load_address>0x21d0</load_address>
         <run_address>0x21d0</run_address>
         <size>0x164</size>
         <input_file_ref idref="fl-3"/>
      </object_component>
      <object_component id="oc-194">
         <name>.text</name>
         <load_address>0x2334</load_address>
         <run_address>0x2334</run_address>
         <size>0x136</size>
         <input_file_ref idref="fl-d4"/>
      </object_component>
      <object_component id="oc-213">
         <name>.text:GPIOPadConfigSet</name>
         <load_address>0x246a</load_address>
         <run_address>0x246a</run_address>
         <size>0x132</size>
         <input_file_ref idref="fl-10"/>
      </object_component>
      <object_component id="oc-150">
         <name>.text:SysCtlClockGet</name>
         <load_address>0x259c</load_address>
         <run_address>0x259c</run_address>
         <size>0x110</size>
         <input_file_ref idref="fl-13"/>
      </object_component>
      <object_component id="oc-237">
         <name>.text</name>
         <load_address>0x26ac</load_address>
         <run_address>0x26ac</run_address>
         <size>0xfc</size>
         <input_file_ref idref="fl-d5"/>
      </object_component>
      <object_component id="oc-cd">
         <name>.text:SysCtlClockSet</name>
         <load_address>0x27a8</load_address>
         <run_address>0x27a8</run_address>
         <size>0xf4</size>
         <input_file_ref idref="fl-13"/>
      </object_component>
      <object_component id="oc-34">
         <name>.text</name>
         <load_address>0x289c</load_address>
         <run_address>0x289c</run_address>
         <size>0x9c</size>
         <input_file_ref idref="fl-d9"/>
      </object_component>
      <object_component id="oc-23c">
         <name>.text:__aeabi_cdrcmple</name>
         <load_address>0x2938</load_address>
         <run_address>0x2938</run_address>
         <size>0x86</size>
         <input_file_ref idref="fl-d3"/>
      </object_component>
      <object_component id="oc-4d">
         <name>.text</name>
         <load_address>0x29be</load_address>
         <run_address>0x29be</run_address>
         <size>0x7a</size>
         <input_file_ref idref="fl-da"/>
      </object_component>
      <object_component id="oc-65">
         <name>.text</name>
         <load_address>0x2a38</load_address>
         <run_address>0x2a38</run_address>
         <size>0x70</size>
         <input_file_ref idref="fl-e2"/>
      </object_component>
      <object_component id="oc-199">
         <name>.text</name>
         <load_address>0x2aa8</load_address>
         <run_address>0x2aa8</run_address>
         <size>0x6e</size>
         <input_file_ref idref="fl-d6"/>
      </object_component>
      <object_component id="oc-40">
         <name>.text</name>
         <load_address>0x2b16</load_address>
         <run_address>0x2b16</run_address>
         <size>0x6a</size>
         <input_file_ref idref="fl-cd"/>
      </object_component>
      <object_component id="oc-24">
         <name>.text</name>
         <load_address>0x2b80</load_address>
         <run_address>0x2b80</run_address>
         <size>0x54</size>
         <input_file_ref idref="fl-cb"/>
      </object_component>
      <object_component id="oc-71">
         <name>.text</name>
         <load_address>0x2bd4</load_address>
         <run_address>0x2bd4</run_address>
         <size>0x54</size>
         <input_file_ref idref="fl-d1"/>
      </object_component>
      <object_component id="oc-156">
         <name>.text:I2CMasterInitExpClk</name>
         <load_address>0x2c28</load_address>
         <run_address>0x2c28</run_address>
         <size>0x4c</size>
         <input_file_ref idref="fl-11"/>
      </object_component>
      <object_component id="oc-9d">
         <name>.text</name>
         <load_address>0x2c74</load_address>
         <run_address>0x2c74</run_address>
         <size>0x4c</size>
         <input_file_ref idref="fl-e3"/>
      </object_component>
      <object_component id="oc-d9">
         <name>.text</name>
         <load_address>0x2cc0</load_address>
         <run_address>0x2cc0</run_address>
         <size>0x4c</size>
         <input_file_ref idref="fl-8"/>
      </object_component>
      <object_component id="oc-13e">
         <name>.text:GPIOPinConfigure</name>
         <load_address>0x2d0c</load_address>
         <run_address>0x2d0c</run_address>
         <size>0x48</size>
         <input_file_ref idref="fl-10"/>
      </object_component>
      <object_component id="oc-1c5">
         <name>.text:UARTConfigSetExpClk</name>
         <load_address>0x2d54</load_address>
         <run_address>0x2d54</run_address>
         <size>0x46</size>
         <input_file_ref idref="fl-14"/>
      </object_component>
      <object_component id="oc-1e6">
         <name>.text</name>
         <load_address>0x2d9a</load_address>
         <run_address>0x2d9a</run_address>
         <size>0x40</size>
         <input_file_ref idref="fl-df"/>
      </object_component>
      <object_component id="oc-59">
         <name>.text</name>
         <load_address>0x2dda</load_address>
         <run_address>0x2dda</run_address>
         <size>0x2</size>
         <input_file_ref idref="fl-db"/>
      </object_component>
      <object_component id="oc-1bf">
         <name>.text:SysCtlPeripheralPresent</name>
         <load_address>0x2ddc</load_address>
         <run_address>0x2ddc</run_address>
         <size>0x38</size>
         <input_file_ref idref="fl-13"/>
      </object_component>
      <object_component id="oc-1a1">
         <name>.text</name>
         <load_address>0x2e14</load_address>
         <run_address>0x2e14</run_address>
         <size>0x38</size>
         <input_file_ref idref="fl-d7"/>
      </object_component>
      <object_component id="oc-138">
         <name>.text:SysCtlPeripheralEnable</name>
         <load_address>0x2e4c</load_address>
         <run_address>0x2e4c</run_address>
         <size>0x34</size>
         <input_file_ref idref="fl-13"/>
      </object_component>
      <object_component id="oc-18f">
         <name>.text</name>
         <load_address>0x2e80</load_address>
         <run_address>0x2e80</run_address>
         <size>0x2e</size>
         <input_file_ref idref="fl-d8"/>
      </object_component>
      <object_component id="oc-20d">
         <name>.text:GPIODirModeSet</name>
         <load_address>0x2eae</load_address>
         <run_address>0x2eae</run_address>
         <size>0x2a</size>
         <input_file_ref idref="fl-10"/>
      </object_component>
      <object_component id="oc-25a">
         <name>.text:UARTDisable</name>
         <load_address>0x2ed8</load_address>
         <run_address>0x2ed8</run_address>
         <size>0x20</size>
         <input_file_ref idref="fl-14"/>
      </object_component>
      <object_component id="oc-6b">
         <name>.text</name>
         <load_address>0x2ef8</load_address>
         <run_address>0x2ef8</run_address>
         <size>0x18</size>
         <input_file_ref idref="fl-e1"/>
      </object_component>
      <object_component id="oc-1cb">
         <name>.text:UARTEnable</name>
         <load_address>0x2f10</load_address>
         <run_address>0x2f10</run_address>
         <size>0x14</size>
         <input_file_ref idref="fl-14"/>
      </object_component>
      <object_component id="oc-123">
         <name>.text</name>
         <load_address>0x2f24</load_address>
         <run_address>0x2f24</run_address>
         <size>0x14</size>
         <input_file_ref idref="fl-e0"/>
      </object_component>
      <object_component id="oc-1b7">
         <name>.text</name>
         <load_address>0x2f38</load_address>
         <run_address>0x2f38</run_address>
         <size>0x14</size>
         <input_file_ref idref="fl-de"/>
      </object_component>
      <object_component id="oc-14a">
         <name>.text:GPIOPinTypeI2C</name>
         <load_address>0x2f4c</load_address>
         <run_address>0x2f4c</run_address>
         <size>0x12</size>
         <input_file_ref idref="fl-10"/>
      </object_component>
      <object_component id="oc-144">
         <name>.text:GPIOPinTypeI2CSCL</name>
         <load_address>0x2f5e</load_address>
         <run_address>0x2f5e</run_address>
         <size>0x12</size>
         <input_file_ref idref="fl-10"/>
      </object_component>
      <object_component id="oc-181">
         <name>.text:GPIOPinTypeUART</name>
         <load_address>0x2f70</load_address>
         <run_address>0x2f70</run_address>
         <size>0x12</size>
         <input_file_ref idref="fl-10"/>
      </object_component>
      <object_component id="oc-a3">
         <name>.text</name>
         <load_address>0x2f82</load_address>
         <run_address>0x2f82</run_address>
         <size>0x2</size>
         <input_file_ref idref="fl-e5"/>
      </object_component>
      <object_component id="oc-df">
         <name>.text:FPUEnable</name>
         <load_address>0x2f84</load_address>
         <run_address>0x2f84</run_address>
         <size>0x10</size>
         <input_file_ref idref="fl-f"/>
      </object_component>
      <object_component id="oc-12">
         <name>.text:decompress:none</name>
         <load_address>0x2f94</load_address>
         <run_address>0x2f94</run_address>
         <size>0xe</size>
         <input_file_ref idref="fl-cc"/>
      </object_component>
      <object_component id="oc-2b">
         <name>.text</name>
         <load_address>0x2fa2</load_address>
         <run_address>0x2fa2</run_address>
         <size>0xc</size>
         <input_file_ref idref="fl-7"/>
      </object_component>
      <object_component id="oc-21f">
         <name>.text:I2CMasterEnable</name>
         <load_address>0x2fae</load_address>
         <run_address>0x2fae</run_address>
         <size>0xa</size>
         <input_file_ref idref="fl-11"/>
      </object_component>
      <object_component id="oc-1d7">
         <name>.text:UARTCharGet</name>
         <load_address>0x2fb8</load_address>
         <run_address>0x2fb8</run_address>
         <size>0xa</size>
         <input_file_ref idref="fl-14"/>
      </object_component>
      <object_component id="oc-1d1">
         <name>.text:UARTCharPut</name>
         <load_address>0x2fc2</load_address>
         <run_address>0x2fc2</run_address>
         <size>0xa</size>
         <input_file_ref idref="fl-14"/>
      </object_component>
      <object_component id="oc-16e">
         <name>.text:I2CMasterBusy</name>
         <load_address>0x2fcc</load_address>
         <run_address>0x2fcc</run_address>
         <size>0x8</size>
         <input_file_ref idref="fl-11"/>
      </object_component>
      <object_component id="oc-15c">
         <name>.text:I2CMasterSlaveAddrSet</name>
         <load_address>0x2fd4</load_address>
         <run_address>0x2fd4</run_address>
         <size>0x8</size>
         <input_file_ref idref="fl-11"/>
      </object_component>
      <object_component id="oc-f7">
         <name>.text:SysCtlDelay</name>
         <load_address>0x2fdc</load_address>
         <run_address>0x2fdc</run_address>
         <size>0x6</size>
         <input_file_ref idref="fl-13"/>
      </object_component>
      <object_component id="oc-187">
         <name>.text:UARTClockSourceSet</name>
         <load_address>0x2fe2</load_address>
         <run_address>0x2fe2</run_address>
         <size>0x6</size>
         <input_file_ref idref="fl-14"/>
      </object_component>
      <object_component id="oc-18">
         <name>.text:decompress:rle24</name>
         <load_address>0x2fe8</load_address>
         <run_address>0x2fe8</run_address>
         <size>0x6</size>
         <input_file_ref idref="fl-cd"/>
      </object_component>
      <object_component id="oc-168">
         <name>.text:I2CMasterControl</name>
         <load_address>0x2fee</load_address>
         <run_address>0x2fee</run_address>
         <size>0x4</size>
         <input_file_ref idref="fl-11"/>
      </object_component>
      <object_component id="oc-174">
         <name>.text:I2CMasterDataGet</name>
         <load_address>0x2ff2</load_address>
         <run_address>0x2ff2</run_address>
         <size>0x4</size>
         <input_file_ref idref="fl-11"/>
      </object_component>
      <object_component id="oc-162">
         <name>.text:I2CMasterDataPut</name>
         <load_address>0x2ff6</load_address>
         <run_address>0x2ff6</run_address>
         <size>0x4</size>
         <input_file_ref idref="fl-11"/>
      </object_component>
      <object_component id="oc-5f">
         <name>.text</name>
         <load_address>0x2ffa</load_address>
         <run_address>0x2ffa</run_address>
         <size>0x4</size>
         <input_file_ref idref="fl-dc"/>
      </object_component>
      <object_component id="oc-208">
         <name>.const:g_pui32GPIOBaseAddrs</name>
         <load_address>0x3000</load_address>
         <run_address>0x3000</run_address>
         <size>0x90</size>
         <input_file_ref idref="fl-10"/>
      </object_component>
      <object_component id="oc-21b">
         <name>.const:g_pui32Xtals</name>
         <load_address>0x3090</load_address>
         <run_address>0x3090</run_address>
         <size>0x6c</size>
         <input_file_ref idref="fl-13"/>
      </object_component>
      <object_component id="oc-271">
         <name>.const:.string</name>
         <load_address>0x30fc</load_address>
         <run_address>0x30fc</run_address>
         <size>0x12</size>
         <input_file_ref idref="fl-9"/>
      </object_component>
      <object_component id="oc-1e3">
         <name>.const:g_ui32UARTBase</name>
         <load_address>0x3110</load_address>
         <run_address>0x3110</run_address>
         <size>0xc</size>
         <input_file_ref idref="fl-9"/>
      </object_component>
      <object_component id="oc-1dd">
         <name>.const:g_ui32UARTPeriph</name>
         <load_address>0x311c</load_address>
         <run_address>0x311c</run_address>
         <size>0xc</size>
         <input_file_ref idref="fl-9"/>
      </object_component>
      <object_component id="oc-1eb">
         <name>.const</name>
         <load_address>0x3128</load_address>
         <run_address>0x3128</run_address>
         <size>0x4</size>
         <input_file_ref idref="fl-9"/>
      </object_component>
      <object_component id="oc-2ae">
         <name>.cinit..data.load</name>
         <load_address>0x3130</load_address>
         <run_address>0x3130</run_address>
         <size>0x3f</size>
      </object_component>
      <object_component id="oc-2af">
         <name>.cinit..bss.load</name>
         <load_address>0x3170</load_address>
         <run_address>0x3170</run_address>
         <size>0xb</size>
      </object_component>
      <object_component id="oc-2ac">
         <name>__TI_handler_table</name>
         <load_address>0x317c</load_address>
         <run_address>0x317c</run_address>
         <size>0x8</size>
      </object_component>
      <object_component id="oc-2ad">
         <name>__TI_cinit_table</name>
         <load_address>0x3184</load_address>
         <run_address>0x3184</run_address>
         <size>0x10</size>
      </object_component>
      <object_component id="oc-1ac">
         <name>.data</name>
         <load_address>0x20000560</load_address>
         <run_address>0x20000560</run_address>
         <size>0x24</size>
         <input_file_ref idref="fl-2"/>
      </object_component>
      <object_component id="oc-112">
         <name>.data:q</name>
         <load_address>0x20000584</load_address>
         <run_address>0x20000584</run_address>
         <size>0x10</size>
         <input_file_ref idref="fl-2"/>
      </object_component>
      <object_component id="oc-19e">
         <name>.data:d</name>
         <load_address>0x2000052c</load_address>
         <run_address>0x2000052c</run_address>
         <size>0x32</size>
         <input_file_ref idref="fl-2"/>
      </object_component>
      <object_component id="oc-100">
         <name>.data</name>
         <load_address>0x200005ac</load_address>
         <run_address>0x200005ac</run_address>
         <size>0xc</size>
         <input_file_ref idref="fl-6"/>
      </object_component>
      <object_component id="oc-fc">
         <name>.data:magOffset</name>
         <load_address>0x200005a0</load_address>
         <run_address>0x200005a0</run_address>
         <size>0xc</size>
         <input_file_ref idref="fl-6"/>
      </object_component>
      <object_component id="oc-1e0">
         <name>.data</name>
         <load_address>0x200005c0</load_address>
         <run_address>0x200005c0</run_address>
         <size>0x5</size>
         <input_file_ref idref="fl-9"/>
      </object_component>
      <object_component id="oc-241">
         <name>.data</name>
         <load_address>0x200005c8</load_address>
         <run_address>0x200005c8</run_address>
         <size>0x4</size>
         <input_file_ref idref="fl-d0"/>
      </object_component>
      <object_component id="oc-b3">
         <name>.data:$O1$$</name>
         <load_address>0x20000594</load_address>
         <run_address>0x20000594</run_address>
         <size>0xc</size>
         <input_file_ref idref="fl-d1"/>
      </object_component>
      <object_component id="oc-77">
         <name>.data</name>
         <load_address>0x200005cc</load_address>
         <run_address>0x200005cc</run_address>
         <size>0x4</size>
         <input_file_ref idref="fl-dd"/>
      </object_component>
      <object_component id="oc-b6">
         <name>.data:$O1$$</name>
         <load_address>0x200005b8</load_address>
         <run_address>0x200005b8</run_address>
         <size>0x8</size>
         <input_file_ref idref="fl-e0"/>
      </object_component>
      <object_component id="oc-103">
         <name>.common:accelSens</name>
         <uninitialized>true</uninitialized>
         <run_address>0x20000000</run_address>
         <size>0x34</size>
      </object_component>
      <object_component id="oc-ff">
         <name>.common:accel</name>
         <uninitialized>true</uninitialized>
         <run_address>0x20000314</run_address>
         <size>0x8</size>
      </object_component>
      <object_component id="oc-104">
         <name>.common:gyro</name>
         <uninitialized>true</uninitialized>
         <run_address>0x2000031c</run_address>
         <size>0x8</size>
      </object_component>
      <object_component id="oc-105">
         <name>.common:mag</name>
         <uninitialized>true</uninitialized>
         <run_address>0x20000324</run_address>
         <size>0x8</size>
      </object_component>
      <object_component id="oc-fb">
         <name>.common:accelOffset</name>
         <uninitialized>true</uninitialized>
         <run_address>0x200002e4</run_address>
         <size>0xc</size>
      </object_component>
      <object_component id="oc-f8">
         <name>.common:gyroOffset</name>
         <uninitialized>true</uninitialized>
         <run_address>0x200002fc</run_address>
         <size>0xc</size>
      </object_component>
      <object_component id="oc-106">
         <name>.common:a</name>
         <uninitialized>true</uninitialized>
         <run_address>0x200002d8</run_address>
         <size>0xc</size>
      </object_component>
      <object_component id="oc-10a">
         <name>.common:g</name>
         <uninitialized>true</uninitialized>
         <run_address>0x200002f0</run_address>
         <size>0xc</size>
      </object_component>
      <object_component id="oc-10e">
         <name>.common:m</name>
         <uninitialized>true</uninitialized>
         <run_address>0x20000308</run_address>
         <size>0xc</size>
      </object_component>
      <object_component id="oc-107">
         <name>.common:axstring</name>
         <uninitialized>true</uninitialized>
         <run_address>0x20000034</run_address>
         <size>0x34</size>
      </object_component>
      <object_component id="oc-108">
         <name>.common:aystring</name>
         <uninitialized>true</uninitialized>
         <run_address>0x20000068</run_address>
         <size>0x34</size>
      </object_component>
      <object_component id="oc-109">
         <name>.common:azstring</name>
         <uninitialized>true</uninitialized>
         <run_address>0x2000009c</run_address>
         <size>0x34</size>
      </object_component>
      <object_component id="oc-10b">
         <name>.common:gxstring</name>
         <uninitialized>true</uninitialized>
         <run_address>0x200000d0</run_address>
         <size>0x34</size>
      </object_component>
      <object_component id="oc-10c">
         <name>.common:gystring</name>
         <uninitialized>true</uninitialized>
         <run_address>0x20000104</run_address>
         <size>0x34</size>
      </object_component>
      <object_component id="oc-10d">
         <name>.common:gzstring</name>
         <uninitialized>true</uninitialized>
         <run_address>0x20000138</run_address>
         <size>0x34</size>
      </object_component>
      <object_component id="oc-10f">
         <name>.common:mxstring</name>
         <uninitialized>true</uninitialized>
         <run_address>0x2000016c</run_address>
         <size>0x34</size>
      </object_component>
      <object_component id="oc-110">
         <name>.common:mystring</name>
         <uninitialized>true</uninitialized>
         <run_address>0x200001a0</run_address>
         <size>0x34</size>
      </object_component>
      <object_component id="oc-111">
         <name>.common:mzstring</name>
         <uninitialized>true</uninitialized>
         <run_address>0x200001d4</run_address>
         <size>0x34</size>
      </object_component>
      <object_component id="oc-115">
         <name>.common:q1string</name>
         <uninitialized>true</uninitialized>
         <run_address>0x20000208</run_address>
         <size>0x34</size>
      </object_component>
      <object_component id="oc-116">
         <name>.common:q2string</name>
         <uninitialized>true</uninitialized>
         <run_address>0x2000023c</run_address>
         <size>0x34</size>
      </object_component>
      <object_component id="oc-117">
         <name>.common:q3string</name>
         <uninitialized>true</uninitialized>
         <run_address>0x20000270</run_address>
         <size>0x34</size>
      </object_component>
      <object_component id="oc-118">
         <name>.common:q4string</name>
         <uninitialized>true</uninitialized>
         <run_address>0x200002a4</run_address>
         <size>0x34</size>
      </object_component>
      <object_component id="oc-2a">
         <name>.stack</name>
         <uninitialized>true</uninitialized>
         <run_address>0x2000032c</run_address>
         <size>0x0</size>
         <input_file_ref idref="fl-cb"/>
      </object_component>
      <object_component id="oc-2b0">
         <name>.stack</name>
         <uninitialized>true</uninitialized>
         <run_address>0x2000032c</run_address>
         <size>0x0</size>
      </object_component>
      <object_component id="oc-1b0">
         <name>.debug_info</name>
         <load_address>0x0</load_address>
         <run_address>0x0</run_address>
         <size>0x365</size>
         <input_file_ref idref="fl-2"/>
      </object_component>
      <object_component id="oc-1ad">
         <name>.debug_info</name>
         <load_address>0x365</load_address>
         <run_address>0x365</run_address>
         <size>0x1d3</size>
         <input_file_ref idref="fl-2"/>
      </object_component>
      <object_component id="oc-113">
         <name>.debug_info</name>
         <load_address>0x538</load_address>
         <run_address>0x538</run_address>
         <size>0xc9</size>
         <input_file_ref idref="fl-2"/>
      </object_component>
      <object_component id="oc-19f">
         <name>.debug_info</name>
         <load_address>0x601</load_address>
         <run_address>0x601</run_address>
         <size>0xc9</size>
         <input_file_ref idref="fl-2"/>
      </object_component>
      <object_component id="oc-e6">
         <name>.debug_info</name>
         <load_address>0x6ca</load_address>
         <run_address>0x6ca</run_address>
         <size>0xe5d</size>
         <input_file_ref idref="fl-2"/>
      </object_component>
      <object_component id="oc-8b">
         <name>.debug_info</name>
         <load_address>0x1527</load_address>
         <run_address>0x1527</run_address>
         <size>0x84</size>
         <input_file_ref idref="fl-2"/>
      </object_component>
      <object_component id="oc-7e">
         <name>.debug_info</name>
         <load_address>0x15ab</load_address>
         <run_address>0x15ab</run_address>
         <size>0x18b</size>
         <input_file_ref idref="fl-2"/>
      </object_component>
      <object_component id="oc-1f0">
         <name>.debug_info</name>
         <load_address>0x1736</load_address>
         <run_address>0x1736</run_address>
         <size>0x4e</size>
         <input_file_ref idref="fl-2"/>
      </object_component>
      <object_component id="oc-1be">
         <name>.debug_info</name>
         <load_address>0x1784</load_address>
         <run_address>0x1784</run_address>
         <size>0x194</size>
         <input_file_ref idref="fl-3"/>
      </object_component>
      <object_component id="oc-ee">
         <name>.debug_info</name>
         <load_address>0x1918</load_address>
         <run_address>0x1918</run_address>
         <size>0x234</size>
         <input_file_ref idref="fl-3"/>
      </object_component>
      <object_component id="oc-254">
         <name>.debug_info</name>
         <load_address>0x1b4c</load_address>
         <run_address>0x1b4c</run_address>
         <size>0xc8</size>
         <input_file_ref idref="fl-3"/>
      </object_component>
      <object_component id="oc-180">
         <name>.debug_info</name>
         <load_address>0x1c14</load_address>
         <run_address>0x1c14</run_address>
         <size>0x349</size>
         <input_file_ref idref="fl-4"/>
      </object_component>
      <object_component id="oc-d5">
         <name>.debug_info</name>
         <load_address>0x1f5d</load_address>
         <run_address>0x1f5d</run_address>
         <size>0x817</size>
         <input_file_ref idref="fl-4"/>
      </object_component>
      <object_component id="oc-17b">
         <name>.debug_info</name>
         <load_address>0x2774</load_address>
         <run_address>0x2774</run_address>
         <size>0x8b</size>
         <input_file_ref idref="fl-4"/>
      </object_component>
      <object_component id="oc-f9">
         <name>.debug_info</name>
         <load_address>0x27ff</load_address>
         <run_address>0x27ff</run_address>
         <size>0x6a3</size>
         <input_file_ref idref="fl-6"/>
      </object_component>
      <object_component id="oc-101">
         <name>.debug_info</name>
         <load_address>0x2ea2</load_address>
         <run_address>0x2ea2</run_address>
         <size>0x140</size>
         <input_file_ref idref="fl-6"/>
      </object_component>
      <object_component id="oc-fd">
         <name>.debug_info</name>
         <load_address>0x2fe2</load_address>
         <run_address>0x2fe2</run_address>
         <size>0xd6</size>
         <input_file_ref idref="fl-6"/>
      </object_component>
      <object_component id="oc-af">
         <name>.debug_info</name>
         <load_address>0x30b8</load_address>
         <run_address>0x30b8</run_address>
         <size>0x325</size>
         <input_file_ref idref="fl-6"/>
      </object_component>
      <object_component id="oc-33">
         <name>.debug_info</name>
         <load_address>0x33dd</load_address>
         <run_address>0x33dd</run_address>
         <size>0x105</size>
         <input_file_ref idref="fl-7"/>
      </object_component>
      <object_component id="oc-10">
         <name>.debug_info</name>
         <load_address>0x34e2</load_address>
         <run_address>0x34e2</run_address>
         <size>0xf0</size>
         <input_file_ref idref="fl-7"/>
      </object_component>
      <object_component id="oc-2c">
         <name>.debug_info</name>
         <load_address>0x35d2</load_address>
         <run_address>0x35d2</run_address>
         <size>0x26c</size>
         <input_file_ref idref="fl-7"/>
      </object_component>
      <object_component id="oc-dc">
         <name>.debug_info</name>
         <load_address>0x383e</load_address>
         <run_address>0x383e</run_address>
         <size>0x1b5</size>
         <input_file_ref idref="fl-8"/>
      </object_component>
      <object_component id="oc-1ef">
         <name>.debug_info</name>
         <load_address>0x39f3</load_address>
         <run_address>0x39f3</run_address>
         <size>0x23f</size>
         <input_file_ref idref="fl-9"/>
      </object_component>
      <object_component id="oc-1e1">
         <name>.debug_info</name>
         <load_address>0x3c32</load_address>
         <run_address>0x3c32</run_address>
         <size>0xdc</size>
         <input_file_ref idref="fl-9"/>
      </object_component>
      <object_component id="oc-1ec">
         <name>.debug_info</name>
         <load_address>0x3d0e</load_address>
         <run_address>0x3d0e</run_address>
         <size>0xd6</size>
         <input_file_ref idref="fl-9"/>
      </object_component>
      <object_component id="oc-1e4">
         <name>.debug_info</name>
         <load_address>0x3de4</load_address>
         <run_address>0x3de4</run_address>
         <size>0xe4</size>
         <input_file_ref idref="fl-9"/>
      </object_component>
      <object_component id="oc-1de">
         <name>.debug_info</name>
         <load_address>0x3ec8</load_address>
         <run_address>0x3ec8</run_address>
         <size>0xe8</size>
         <input_file_ref idref="fl-9"/>
      </object_component>
      <object_component id="oc-f2">
         <name>.debug_info</name>
         <load_address>0x3fb0</load_address>
         <run_address>0x3fb0</run_address>
         <size>0x785</size>
         <input_file_ref idref="fl-9"/>
      </object_component>
      <object_component id="oc-e2">
         <name>.debug_info</name>
         <load_address>0x4735</load_address>
         <run_address>0x4735</run_address>
         <size>0x20d</size>
         <input_file_ref idref="fl-f"/>
      </object_component>
      <object_component id="oc-20c">
         <name>.debug_info</name>
         <load_address>0x4942</load_address>
         <run_address>0x4942</run_address>
         <size>0x230</size>
         <input_file_ref idref="fl-10"/>
      </object_component>
      <object_component id="oc-209">
         <name>.debug_info</name>
         <load_address>0x4b72</load_address>
         <run_address>0x4b72</run_address>
         <size>0x15b</size>
         <input_file_ref idref="fl-10"/>
      </object_component>
      <object_component id="oc-20e">
         <name>.debug_info</name>
         <load_address>0x4ccd</load_address>
         <run_address>0x4ccd</run_address>
         <size>0x2b3</size>
         <input_file_ref idref="fl-10"/>
      </object_component>
      <object_component id="oc-214">
         <name>.debug_info</name>
         <load_address>0x4f80</load_address>
         <run_address>0x4f80</run_address>
         <size>0x316</size>
         <input_file_ref idref="fl-10"/>
      </object_component>
      <object_component id="oc-182">
         <name>.debug_info</name>
         <load_address>0x5296</load_address>
         <run_address>0x5296</run_address>
         <size>0x27b</size>
         <input_file_ref idref="fl-10"/>
      </object_component>
      <object_component id="oc-145">
         <name>.debug_info</name>
         <load_address>0x5511</load_address>
         <run_address>0x5511</run_address>
         <size>0x27f</size>
         <input_file_ref idref="fl-10"/>
      </object_component>
      <object_component id="oc-14b">
         <name>.debug_info</name>
         <load_address>0x5790</load_address>
         <run_address>0x5790</run_address>
         <size>0x279</size>
         <input_file_ref idref="fl-10"/>
      </object_component>
      <object_component id="oc-13f">
         <name>.debug_info</name>
         <load_address>0x5a09</load_address>
         <run_address>0x5a09</run_address>
         <size>0x280</size>
         <input_file_ref idref="fl-10"/>
      </object_component>
      <object_component id="oc-226">
         <name>.debug_info</name>
         <load_address>0x5c89</load_address>
         <run_address>0x5c89</run_address>
         <size>0x231</size>
         <input_file_ref idref="fl-11"/>
      </object_component>
      <object_component id="oc-15d">
         <name>.debug_info</name>
         <load_address>0x5eba</load_address>
         <run_address>0x5eba</run_address>
         <size>0x2ce</size>
         <input_file_ref idref="fl-11"/>
      </object_component>
      <object_component id="oc-220">
         <name>.debug_info</name>
         <load_address>0x6188</load_address>
         <run_address>0x6188</run_address>
         <size>0x24e</size>
         <input_file_ref idref="fl-11"/>
      </object_component>
      <object_component id="oc-157">
         <name>.debug_info</name>
         <load_address>0x63d6</load_address>
         <run_address>0x63d6</run_address>
         <size>0x2d5</size>
         <input_file_ref idref="fl-11"/>
      </object_component>
      <object_component id="oc-163">
         <name>.debug_info</name>
         <load_address>0x66ab</load_address>
         <run_address>0x66ab</run_address>
         <size>0x27e</size>
         <input_file_ref idref="fl-11"/>
      </object_component>
      <object_component id="oc-175">
         <name>.debug_info</name>
         <load_address>0x6929</load_address>
         <run_address>0x6929</run_address>
         <size>0x254</size>
         <input_file_ref idref="fl-11"/>
      </object_component>
      <object_component id="oc-169">
         <name>.debug_info</name>
         <load_address>0x6b7d</load_address>
         <run_address>0x6b7d</run_address>
         <size>0x27e</size>
         <input_file_ref idref="fl-11"/>
      </object_component>
      <object_component id="oc-16f">
         <name>.debug_info</name>
         <load_address>0x6dfb</load_address>
         <run_address>0x6dfb</run_address>
         <size>0x24e</size>
         <input_file_ref idref="fl-11"/>
      </object_component>
      <object_component id="oc-137">
         <name>.debug_info</name>
         <load_address>0x7049</load_address>
         <run_address>0x7049</run_address>
         <size>0x298</size>
         <input_file_ref idref="fl-13"/>
      </object_component>
      <object_component id="oc-21c">
         <name>.debug_info</name>
         <load_address>0x72e1</load_address>
         <run_address>0x72e1</run_address>
         <size>0x14d</size>
         <input_file_ref idref="fl-13"/>
      </object_component>
      <object_component id="oc-1c3">
         <name>.debug_info</name>
         <load_address>0x742e</load_address>
         <run_address>0x742e</run_address>
         <size>0x283</size>
         <input_file_ref idref="fl-13"/>
      </object_component>
      <object_component id="oc-13c">
         <name>.debug_info</name>
         <load_address>0x76b1</load_address>
         <run_address>0x76b1</run_address>
         <size>0x27d</size>
         <input_file_ref idref="fl-13"/>
      </object_component>
      <object_component id="oc-ce">
         <name>.debug_info</name>
         <load_address>0x792e</load_address>
         <run_address>0x792e</run_address>
         <size>0x2db</size>
         <input_file_ref idref="fl-13"/>
      </object_component>
      <object_component id="oc-152">
         <name>.debug_info</name>
         <load_address>0x7c09</load_address>
         <run_address>0x7c09</run_address>
         <size>0x2b5</size>
         <input_file_ref idref="fl-13"/>
      </object_component>
      <object_component id="oc-202">
         <name>.debug_info</name>
         <load_address>0x7ebe</load_address>
         <run_address>0x7ebe</run_address>
         <size>0x5f</size>
         <input_file_ref idref="fl-13"/>
      </object_component>
      <object_component id="oc-230">
         <name>.debug_info</name>
         <load_address>0x7f1d</load_address>
         <run_address>0x7f1d</run_address>
         <size>0x227</size>
         <input_file_ref idref="fl-14"/>
      </object_component>
      <object_component id="oc-1cc">
         <name>.debug_info</name>
         <load_address>0x8144</load_address>
         <run_address>0x8144</run_address>
         <size>0x247</size>
         <input_file_ref idref="fl-14"/>
      </object_component>
      <object_component id="oc-25b">
         <name>.debug_info</name>
         <load_address>0x838b</load_address>
         <run_address>0x838b</run_address>
         <size>0x249</size>
         <input_file_ref idref="fl-14"/>
      </object_component>
      <object_component id="oc-1c6">
         <name>.debug_info</name>
         <load_address>0x85d4</load_address>
         <run_address>0x85d4</run_address>
         <size>0x326</size>
         <input_file_ref idref="fl-14"/>
      </object_component>
      <object_component id="oc-188">
         <name>.debug_info</name>
         <load_address>0x88fa</load_address>
         <run_address>0x88fa</run_address>
         <size>0x291</size>
         <input_file_ref idref="fl-14"/>
      </object_component>
      <object_component id="oc-1d2">
         <name>.debug_info</name>
         <load_address>0x8b8b</load_address>
         <run_address>0x8b8b</run_address>
         <size>0x273</size>
         <input_file_ref idref="fl-14"/>
      </object_component>
      <object_component id="oc-1d8">
         <name>.debug_info</name>
         <load_address>0x8dfe</load_address>
         <run_address>0x8dfe</run_address>
         <size>0x24d</size>
         <input_file_ref idref="fl-14"/>
      </object_component>
      <object_component id="oc-25">
         <name>.debug_info</name>
         <load_address>0x904b</load_address>
         <run_address>0x904b</run_address>
         <size>0x17c</size>
         <input_file_ref idref="fl-cb"/>
      </object_component>
      <object_component id="oc-3f">
         <name>.debug_info</name>
         <load_address>0x91c7</load_address>
         <run_address>0x91c7</run_address>
         <size>0x15c</size>
         <input_file_ref idref="fl-cc"/>
      </object_component>
      <object_component id="oc-13">
         <name>.debug_info</name>
         <load_address>0x9323</load_address>
         <run_address>0x9323</run_address>
         <size>0x1fb</size>
         <input_file_ref idref="fl-cc"/>
      </object_component>
      <object_component id="oc-3a">
         <name>.debug_info</name>
         <load_address>0x951e</load_address>
         <run_address>0x951e</run_address>
         <size>0x46</size>
         <input_file_ref idref="fl-cc"/>
      </object_component>
      <object_component id="oc-84">
         <name>.debug_info</name>
         <load_address>0x9564</load_address>
         <run_address>0x9564</run_address>
         <size>0x2c</size>
         <input_file_ref idref="fl-cc"/>
      </object_component>
      <object_component id="oc-47">
         <name>.debug_info</name>
         <load_address>0x9590</load_address>
         <run_address>0x9590</run_address>
         <size>0x150</size>
         <input_file_ref idref="fl-cd"/>
      </object_component>
      <object_component id="oc-41">
         <name>.debug_info</name>
         <load_address>0x96e0</load_address>
         <run_address>0x96e0</run_address>
         <size>0x263</size>
         <input_file_ref idref="fl-cd"/>
      </object_component>
      <object_component id="oc-19">
         <name>.debug_info</name>
         <load_address>0x9943</load_address>
         <run_address>0x9943</run_address>
         <size>0x1cd</size>
         <input_file_ref idref="fl-cd"/>
      </object_component>
      <object_component id="oc-48">
         <name>.debug_info</name>
         <load_address>0x9b10</load_address>
         <run_address>0x9b10</run_address>
         <size>0x39</size>
         <input_file_ref idref="fl-cd"/>
      </object_component>
      <object_component id="oc-93">
         <name>.debug_info</name>
         <load_address>0x9b49</load_address>
         <run_address>0x9b49</run_address>
         <size>0x2c</size>
         <input_file_ref idref="fl-cd"/>
      </object_component>
      <object_component id="oc-24a">
         <name>.debug_info</name>
         <load_address>0x9b75</load_address>
         <run_address>0x9b75</run_address>
         <size>0x165</size>
         <input_file_ref idref="fl-cf"/>
      </object_component>
      <object_component id="oc-1a7">
         <name>.debug_info</name>
         <load_address>0x9cda</load_address>
         <run_address>0x9cda</run_address>
         <size>0x25c</size>
         <input_file_ref idref="fl-cf"/>
      </object_component>
      <object_component id="oc-245">
         <name>.debug_info</name>
         <load_address>0x9f36</load_address>
         <run_address>0x9f36</run_address>
         <size>0x39</size>
         <input_file_ref idref="fl-cf"/>
      </object_component>
      <object_component id="oc-242">
         <name>.debug_info</name>
         <load_address>0x9f6f</load_address>
         <run_address>0x9f6f</run_address>
         <size>0x10f</size>
         <input_file_ref idref="fl-d0"/>
      </object_component>
      <object_component id="oc-ba">
         <name>.debug_info</name>
         <load_address>0xa07e</load_address>
         <run_address>0xa07e</run_address>
         <size>0x250</size>
         <input_file_ref idref="fl-d1"/>
      </object_component>
      <object_component id="oc-b4">
         <name>.debug_info</name>
         <load_address>0xa2ce</load_address>
         <run_address>0xa2ce</run_address>
         <size>0x1a1</size>
         <input_file_ref idref="fl-d1"/>
      </object_component>
      <object_component id="oc-73">
         <name>.debug_info</name>
         <load_address>0xa46f</load_address>
         <run_address>0xa46f</run_address>
         <size>0x230</size>
         <input_file_ref idref="fl-d1"/>
      </object_component>
      <object_component id="oc-1b5">
         <name>.debug_info</name>
         <load_address>0xa69f</load_address>
         <run_address>0xa69f</run_address>
         <size>0x160</size>
         <input_file_ref idref="fl-d2"/>
      </object_component>
      <object_component id="oc-23f">
         <name>.debug_info</name>
         <load_address>0xa7ff</load_address>
         <run_address>0xa7ff</run_address>
         <size>0x13e</size>
         <input_file_ref idref="fl-d3"/>
      </object_component>
      <object_component id="oc-196">
         <name>.debug_info</name>
         <load_address>0xa93d</load_address>
         <run_address>0xa93d</run_address>
         <size>0x14e</size>
         <input_file_ref idref="fl-d4"/>
      </object_component>
      <object_component id="oc-238">
         <name>.debug_info</name>
         <load_address>0xaa8b</load_address>
         <run_address>0xaa8b</run_address>
         <size>0x14e</size>
         <input_file_ref idref="fl-d5"/>
      </object_component>
      <object_component id="oc-19a">
         <name>.debug_info</name>
         <load_address>0xabd9</load_address>
         <run_address>0xabd9</run_address>
         <size>0x152</size>
         <input_file_ref idref="fl-d6"/>
      </object_component>
      <object_component id="oc-1a4">
         <name>.debug_info</name>
         <load_address>0xad2b</load_address>
         <run_address>0xad2b</run_address>
         <size>0x140</size>
         <input_file_ref idref="fl-d7"/>
      </object_component>
      <object_component id="oc-190">
         <name>.debug_info</name>
         <load_address>0xae6b</load_address>
         <run_address>0xae6b</run_address>
         <size>0x140</size>
         <input_file_ref idref="fl-d8"/>
      </object_component>
      <object_component id="oc-36">
         <name>.debug_info</name>
         <load_address>0xafab</load_address>
         <run_address>0xafab</run_address>
         <size>0x12d</size>
         <input_file_ref idref="fl-d9"/>
      </object_component>
      <object_component id="oc-4e">
         <name>.debug_info</name>
         <load_address>0xb0d8</load_address>
         <run_address>0xb0d8</run_address>
         <size>0x15b</size>
         <input_file_ref idref="fl-da"/>
      </object_component>
      <object_component id="oc-5c">
         <name>.debug_info</name>
         <load_address>0xb233</load_address>
         <run_address>0xb233</run_address>
         <size>0x154</size>
         <input_file_ref idref="fl-db"/>
      </object_component>
      <object_component id="oc-60">
         <name>.debug_info</name>
         <load_address>0xb387</load_address>
         <run_address>0xb387</run_address>
         <size>0x164</size>
         <input_file_ref idref="fl-dc"/>
      </object_component>
      <object_component id="oc-78">
         <name>.debug_info</name>
         <load_address>0xb4eb</load_address>
         <run_address>0xb4eb</run_address>
         <size>0x125</size>
         <input_file_ref idref="fl-dd"/>
      </object_component>
      <object_component id="oc-251">
         <name>.debug_info</name>
         <load_address>0xb610</load_address>
         <run_address>0xb610</run_address>
         <size>0x106</size>
         <input_file_ref idref="fl-de"/>
      </object_component>
      <object_component id="oc-1ba">
         <name>.debug_info</name>
         <load_address>0xb716</load_address>
         <run_address>0xb716</run_address>
         <size>0x27c</size>
         <input_file_ref idref="fl-de"/>
      </object_component>
      <object_component id="oc-1e7">
         <name>.debug_info</name>
         <load_address>0xb992</load_address>
         <run_address>0xb992</run_address>
         <size>0x156</size>
         <input_file_ref idref="fl-df"/>
      </object_component>
      <object_component id="oc-12b">
         <name>.debug_info</name>
         <load_address>0xbae8</load_address>
         <run_address>0xbae8</run_address>
         <size>0x140</size>
         <input_file_ref idref="fl-e0"/>
      </object_component>
      <object_component id="oc-b7">
         <name>.debug_info</name>
         <load_address>0xbc28</load_address>
         <run_address>0xbc28</run_address>
         <size>0x12f</size>
         <input_file_ref idref="fl-e0"/>
      </object_component>
      <object_component id="oc-127">
         <name>.debug_info</name>
         <load_address>0xbd57</load_address>
         <run_address>0xbd57</run_address>
         <size>0x23b</size>
         <input_file_ref idref="fl-e0"/>
      </object_component>
      <object_component id="oc-b2">
         <name>.debug_info</name>
         <load_address>0xbf92</load_address>
         <run_address>0xbf92</run_address>
         <size>0x182</size>
         <input_file_ref idref="fl-e1"/>
      </object_component>
      <object_component id="oc-6c">
         <name>.debug_info</name>
         <load_address>0xc114</load_address>
         <run_address>0xc114</run_address>
         <size>0x183</size>
         <input_file_ref idref="fl-e1"/>
      </object_component>
      <object_component id="oc-11c">
         <name>.debug_info</name>
         <load_address>0xc297</load_address>
         <run_address>0xc297</run_address>
         <size>0x5e</size>
         <input_file_ref idref="fl-e1"/>
      </object_component>
      <object_component id="oc-aa">
         <name>.debug_info</name>
         <load_address>0xc2f5</load_address>
         <run_address>0xc2f5</run_address>
         <size>0x305</size>
         <input_file_ref idref="fl-e2"/>
      </object_component>
      <object_component id="oc-68">
         <name>.debug_info</name>
         <load_address>0xc5fa</load_address>
         <run_address>0xc5fa</run_address>
         <size>0x1ac</size>
         <input_file_ref idref="fl-e2"/>
      </object_component>
      <object_component id="oc-c3">
         <name>.debug_info</name>
         <load_address>0xc7a6</load_address>
         <run_address>0xc7a6</run_address>
         <size>0x39</size>
         <input_file_ref idref="fl-e2"/>
      </object_component>
      <object_component id="oc-c8">
         <name>.debug_info</name>
         <load_address>0xc7df</load_address>
         <run_address>0xc7df</run_address>
         <size>0xcd</size>
         <input_file_ref idref="fl-e2"/>
      </object_component>
      <object_component id="oc-bf">
         <name>.debug_info</name>
         <load_address>0xc8ac</load_address>
         <run_address>0xc8ac</run_address>
         <size>0x1fc</size>
         <input_file_ref idref="fl-e3"/>
      </object_component>
      <object_component id="oc-9e">
         <name>.debug_info</name>
         <load_address>0xcaa8</load_address>
         <run_address>0xcaa8</run_address>
         <size>0x19f</size>
         <input_file_ref idref="fl-e3"/>
      </object_component>
      <object_component id="oc-131">
         <name>.debug_info</name>
         <load_address>0xcc47</load_address>
         <run_address>0xcc47</run_address>
         <size>0x2c</size>
         <input_file_ref idref="fl-e3"/>
      </object_component>
      <object_component id="oc-26d">
         <name>.debug_info</name>
         <load_address>0xcc73</load_address>
         <run_address>0xcc73</run_address>
         <size>0x163</size>
         <input_file_ref idref="fl-e4"/>
      </object_component>
      <object_component id="oc-a4">
         <name>.debug_info</name>
         <load_address>0xcdd6</load_address>
         <run_address>0xcdd6</run_address>
         <size>0x161</size>
         <input_file_ref idref="fl-e5"/>
      </object_component>
      <object_component id="oc-2b1">
         <name>.debug_info</name>
         <load_address>0xcf37</load_address>
         <run_address>0xcf37</run_address>
         <size>0xa6</size>
      </object_component>
      <object_component id="oc-24e">
         <name>.debug_line</name>
         <load_address>0x0</load_address>
         <run_address>0x0</run_address>
         <size>0xde</size>
         <input_file_ref idref="fl-2"/>
      </object_component>
      <object_component id="oc-24c">
         <name>.debug_line</name>
         <load_address>0xde</load_address>
         <run_address>0xde</run_address>
         <size>0x30</size>
         <input_file_ref idref="fl-2"/>
      </object_component>
      <object_component id="oc-1fc">
         <name>.debug_line</name>
         <load_address>0x10e</load_address>
         <run_address>0x10e</run_address>
         <size>0x30</size>
         <input_file_ref idref="fl-2"/>
      </object_component>
      <object_component id="oc-235">
         <name>.debug_line</name>
         <load_address>0x13e</load_address>
         <run_address>0x13e</run_address>
         <size>0x30</size>
         <input_file_ref idref="fl-2"/>
      </object_component>
      <object_component id="oc-ea">
         <name>.debug_line</name>
         <load_address>0x16e</load_address>
         <run_address>0x16e</run_address>
         <size>0x22e</size>
         <input_file_ref idref="fl-2"/>
      </object_component>
      <object_component id="oc-8e">
         <name>.debug_line</name>
         <load_address>0x39c</load_address>
         <run_address>0x39c</run_address>
         <size>0x20</size>
         <input_file_ref idref="fl-2"/>
      </object_component>
      <object_component id="oc-81">
         <name>.debug_line</name>
         <load_address>0x3bc</load_address>
         <run_address>0x3bc</run_address>
         <size>0x66</size>
         <input_file_ref idref="fl-2"/>
      </object_component>
      <object_component id="oc-1f3">
         <name>.debug_line</name>
         <load_address>0x422</load_address>
         <run_address>0x422</run_address>
         <size>0x66</size>
         <input_file_ref idref="fl-2"/>
      </object_component>
      <object_component id="oc-253">
         <name>.debug_line</name>
         <load_address>0x488</load_address>
         <run_address>0x488</run_address>
         <size>0x66</size>
         <input_file_ref idref="fl-3"/>
      </object_component>
      <object_component id="oc-f0">
         <name>.debug_line</name>
         <load_address>0x4ee</load_address>
         <run_address>0x4ee</run_address>
         <size>0x9b</size>
         <input_file_ref idref="fl-3"/>
      </object_component>
      <object_component id="oc-257">
         <name>.debug_line</name>
         <load_address>0x589</load_address>
         <run_address>0x589</run_address>
         <size>0x65</size>
         <input_file_ref idref="fl-3"/>
      </object_component>
      <object_component id="oc-22d">
         <name>.debug_line</name>
         <load_address>0x5ee</load_address>
         <run_address>0x5ee</run_address>
         <size>0xc3</size>
         <input_file_ref idref="fl-4"/>
      </object_component>
      <object_component id="oc-d4">
         <name>.debug_line</name>
         <load_address>0x6b1</load_address>
         <run_address>0x6b1</run_address>
         <size>0xea</size>
         <input_file_ref idref="fl-4"/>
      </object_component>
      <object_component id="oc-17e">
         <name>.debug_line</name>
         <load_address>0x79b</load_address>
         <run_address>0x79b</run_address>
         <size>0x20</size>
         <input_file_ref idref="fl-4"/>
      </object_component>
      <object_component id="oc-1f6">
         <name>.debug_line</name>
         <load_address>0x7bb</load_address>
         <run_address>0x7bb</run_address>
         <size>0xe9</size>
         <input_file_ref idref="fl-6"/>
      </object_component>
      <object_component id="oc-1fa">
         <name>.debug_line</name>
         <load_address>0x8a4</load_address>
         <run_address>0x8a4</run_address>
         <size>0x2d</size>
         <input_file_ref idref="fl-6"/>
      </object_component>
      <object_component id="oc-1f8">
         <name>.debug_line</name>
         <load_address>0x8d1</load_address>
         <run_address>0x8d1</run_address>
         <size>0x2d</size>
         <input_file_ref idref="fl-6"/>
      </object_component>
      <object_component id="oc-ae">
         <name>.debug_line</name>
         <load_address>0x8fe</load_address>
         <run_address>0x8fe</run_address>
         <size>0x86</size>
         <input_file_ref idref="fl-6"/>
      </object_component>
      <object_component id="oc-7d">
         <name>.debug_line</name>
         <load_address>0x984</load_address>
         <run_address>0x984</run_address>
         <size>0x41</size>
         <input_file_ref idref="fl-7"/>
      </object_component>
      <object_component id="oc-32">
         <name>.debug_line</name>
         <load_address>0x9c5</load_address>
         <run_address>0x9c5</run_address>
         <size>0x41</size>
         <input_file_ref idref="fl-7"/>
      </object_component>
      <object_component id="oc-2f">
         <name>.debug_line</name>
         <load_address>0xa06</load_address>
         <run_address>0xa06</run_address>
         <size>0xa1</size>
         <input_file_ref idref="fl-7"/>
      </object_component>
      <object_component id="oc-de">
         <name>.debug_line</name>
         <load_address>0xaa7</load_address>
         <run_address>0xaa7</run_address>
         <size>0x48</size>
         <input_file_ref idref="fl-8"/>
      </object_component>
      <object_component id="oc-275">
         <name>.debug_line</name>
         <load_address>0xaef</load_address>
         <run_address>0xaef</run_address>
         <size>0x8e</size>
         <input_file_ref idref="fl-9"/>
      </object_component>
      <object_component id="oc-267">
         <name>.debug_line</name>
         <load_address>0xb7d</load_address>
         <run_address>0xb7d</run_address>
         <size>0x32</size>
         <input_file_ref idref="fl-9"/>
      </object_component>
      <object_component id="oc-273">
         <name>.debug_line</name>
         <load_address>0xbaf</load_address>
         <run_address>0xbaf</run_address>
         <size>0x32</size>
         <input_file_ref idref="fl-9"/>
      </object_component>
      <object_component id="oc-269">
         <name>.debug_line</name>
         <load_address>0xbe1</load_address>
         <run_address>0xbe1</run_address>
         <size>0x32</size>
         <input_file_ref idref="fl-9"/>
      </object_component>
      <object_component id="oc-265">
         <name>.debug_line</name>
         <load_address>0xc13</load_address>
         <run_address>0xc13</run_address>
         <size>0x32</size>
         <input_file_ref idref="fl-9"/>
      </object_component>
      <object_component id="oc-f6">
         <name>.debug_line</name>
         <load_address>0xc45</load_address>
         <run_address>0xc45</run_address>
         <size>0x283</size>
         <input_file_ref idref="fl-9"/>
      </object_component>
      <object_component id="oc-e4">
         <name>.debug_line</name>
         <load_address>0xec8</load_address>
         <run_address>0xec8</run_address>
         <size>0x8e</size>
         <input_file_ref idref="fl-f"/>
      </object_component>
      <object_component id="oc-279">
         <name>.debug_line</name>
         <load_address>0xf56</load_address>
         <run_address>0xf56</run_address>
         <size>0x82</size>
         <input_file_ref idref="fl-10"/>
      </object_component>
      <object_component id="oc-277">
         <name>.debug_line</name>
         <load_address>0xfd8</load_address>
         <run_address>0xfd8</run_address>
         <size>0x7d</size>
         <input_file_ref idref="fl-10"/>
      </object_component>
      <object_component id="oc-211">
         <name>.debug_line</name>
         <load_address>0x1055</load_address>
         <run_address>0x1055</run_address>
         <size>0x95</size>
         <input_file_ref idref="fl-10"/>
      </object_component>
      <object_component id="oc-217">
         <name>.debug_line</name>
         <load_address>0x10ea</load_address>
         <run_address>0x10ea</run_address>
         <size>0xd1</size>
         <input_file_ref idref="fl-10"/>
      </object_component>
      <object_component id="oc-185">
         <name>.debug_line</name>
         <load_address>0x11bb</load_address>
         <run_address>0x11bb</run_address>
         <size>0x93</size>
         <input_file_ref idref="fl-10"/>
      </object_component>
      <object_component id="oc-148">
         <name>.debug_line</name>
         <load_address>0x124e</load_address>
         <run_address>0x124e</run_address>
         <size>0x93</size>
         <input_file_ref idref="fl-10"/>
      </object_component>
      <object_component id="oc-14e">
         <name>.debug_line</name>
         <load_address>0x12e1</load_address>
         <run_address>0x12e1</run_address>
         <size>0x93</size>
         <input_file_ref idref="fl-10"/>
      </object_component>
      <object_component id="oc-142">
         <name>.debug_line</name>
         <load_address>0x1374</load_address>
         <run_address>0x1374</run_address>
         <size>0xa7</size>
         <input_file_ref idref="fl-10"/>
      </object_component>
      <object_component id="oc-280">
         <name>.debug_line</name>
         <load_address>0x141b</load_address>
         <run_address>0x141b</run_address>
         <size>0x82</size>
         <input_file_ref idref="fl-11"/>
      </object_component>
      <object_component id="oc-160">
         <name>.debug_line</name>
         <load_address>0x149d</load_address>
         <run_address>0x149d</run_address>
         <size>0x91</size>
         <input_file_ref idref="fl-11"/>
      </object_component>
      <object_component id="oc-223">
         <name>.debug_line</name>
         <load_address>0x152e</load_address>
         <run_address>0x152e</run_address>
         <size>0x91</size>
         <input_file_ref idref="fl-11"/>
      </object_component>
      <object_component id="oc-15a">
         <name>.debug_line</name>
         <load_address>0x15bf</load_address>
         <run_address>0x15bf</run_address>
         <size>0xa5</size>
         <input_file_ref idref="fl-11"/>
      </object_component>
      <object_component id="oc-166">
         <name>.debug_line</name>
         <load_address>0x1664</load_address>
         <run_address>0x1664</run_address>
         <size>0x91</size>
         <input_file_ref idref="fl-11"/>
      </object_component>
      <object_component id="oc-178">
         <name>.debug_line</name>
         <load_address>0x16f5</load_address>
         <run_address>0x16f5</run_address>
         <size>0x91</size>
         <input_file_ref idref="fl-11"/>
      </object_component>
      <object_component id="oc-16c">
         <name>.debug_line</name>
         <load_address>0x1786</load_address>
         <run_address>0x1786</run_address>
         <size>0x91</size>
         <input_file_ref idref="fl-11"/>
      </object_component>
      <object_component id="oc-172">
         <name>.debug_line</name>
         <load_address>0x1817</load_address>
         <run_address>0x1817</run_address>
         <size>0x91</size>
         <input_file_ref idref="fl-11"/>
      </object_component>
      <object_component id="oc-201">
         <name>.debug_line</name>
         <load_address>0x18a8</load_address>
         <run_address>0x18a8</run_address>
         <size>0x13d</size>
         <input_file_ref idref="fl-13"/>
      </object_component>
      <object_component id="oc-27d">
         <name>.debug_line</name>
         <load_address>0x19e5</load_address>
         <run_address>0x19e5</run_address>
         <size>0x7f</size>
         <input_file_ref idref="fl-13"/>
      </object_component>
      <object_component id="oc-1c0">
         <name>.debug_line</name>
         <load_address>0x1a64</load_address>
         <run_address>0x1a64</run_address>
         <size>0x94</size>
         <input_file_ref idref="fl-13"/>
      </object_component>
      <object_component id="oc-139">
         <name>.debug_line</name>
         <load_address>0x1af8</load_address>
         <run_address>0x1af8</run_address>
         <size>0x94</size>
         <input_file_ref idref="fl-13"/>
      </object_component>
      <object_component id="oc-d1">
         <name>.debug_line</name>
         <load_address>0x1b8c</load_address>
         <run_address>0x1b8c</run_address>
         <size>0xee</size>
         <input_file_ref idref="fl-13"/>
      </object_component>
      <object_component id="oc-154">
         <name>.debug_line</name>
         <load_address>0x1c7a</load_address>
         <run_address>0x1c7a</run_address>
         <size>0x11a</size>
         <input_file_ref idref="fl-13"/>
      </object_component>
      <object_component id="oc-205">
         <name>.debug_line</name>
         <load_address>0x1d94</load_address>
         <run_address>0x1d94</run_address>
         <size>0x7f</size>
         <input_file_ref idref="fl-13"/>
      </object_component>
      <object_component id="oc-282">
         <name>.debug_line</name>
         <load_address>0x1e13</load_address>
         <run_address>0x1e13</run_address>
         <size>0x82</size>
         <input_file_ref idref="fl-14"/>
      </object_component>
      <object_component id="oc-1cf">
         <name>.debug_line</name>
         <load_address>0x1e95</load_address>
         <run_address>0x1e95</run_address>
         <size>0x93</size>
         <input_file_ref idref="fl-14"/>
      </object_component>
      <object_component id="oc-25e">
         <name>.debug_line</name>
         <load_address>0x1f28</load_address>
         <run_address>0x1f28</run_address>
         <size>0x96</size>
         <input_file_ref idref="fl-14"/>
      </object_component>
      <object_component id="oc-1c9">
         <name>.debug_line</name>
         <load_address>0x1fbe</load_address>
         <run_address>0x1fbe</run_address>
         <size>0xb3</size>
         <input_file_ref idref="fl-14"/>
      </object_component>
      <object_component id="oc-18b">
         <name>.debug_line</name>
         <load_address>0x2071</load_address>
         <run_address>0x2071</run_address>
         <size>0x92</size>
         <input_file_ref idref="fl-14"/>
      </object_component>
      <object_component id="oc-1d5">
         <name>.debug_line</name>
         <load_address>0x2103</load_address>
         <run_address>0x2103</run_address>
         <size>0x93</size>
         <input_file_ref idref="fl-14"/>
      </object_component>
      <object_component id="oc-1db">
         <name>.debug_line</name>
         <load_address>0x2196</load_address>
         <run_address>0x2196</run_address>
         <size>0x93</size>
         <input_file_ref idref="fl-14"/>
      </object_component>
      <object_component id="oc-28">
         <name>.debug_line</name>
         <load_address>0x2229</load_address>
         <run_address>0x2229</run_address>
         <size>0x53</size>
         <input_file_ref idref="fl-cb"/>
      </object_component>
      <object_component id="oc-8a">
         <name>.debug_line</name>
         <load_address>0x227c</load_address>
         <run_address>0x227c</run_address>
         <size>0xa5</size>
         <input_file_ref idref="fl-cc"/>
      </object_component>
      <object_component id="oc-16">
         <name>.debug_line</name>
         <load_address>0x2321</load_address>
         <run_address>0x2321</run_address>
         <size>0x55</size>
         <input_file_ref idref="fl-cc"/>
      </object_component>
      <object_component id="oc-3d">
         <name>.debug_line</name>
         <load_address>0x2376</load_address>
         <run_address>0x2376</run_address>
         <size>0x3a</size>
         <input_file_ref idref="fl-cc"/>
[...]
         <value>0x2000057c</value>
         <object_component_ref idref="oc-1ac"/>
      </symbol>
      <symbol id="sm-8e">
         <name>MadgwickQuaternionUpdate</name>
         <value>0x7e1</value>
         <object_component_ref idref="oc-e5"/>
      </symbol>
      <symbol id="sm-8f">
         <name>GyroMeasDrift</name>
         <value>0x2000056c</value>
         <object_component_ref idref="oc-1ac"/>
      </symbol>
      <symbol id="sm-90">
         <name>PI</name>
         <value>0x20000560</value>
         <object_component_ref idref="oc-1ac"/>
      </symbol>
      <symbol id="sm-91">
         <name>q</name>
         <value>0x20000584</value>
         <object_component_ref idref="oc-112"/>
      </symbol>
      <symbol id="sm-92">
         <name>d</name>
         <value>0x2000052c</value>
         <object_component_ref idref="oc-19e"/>
      </symbol>
      <symbol id="sm-93">
         <name>calibrateMPU9250</name>
         <value>0x2fb</value>
         <object_component_ref idref="oc-e5"/>
      </symbol>
      <symbol id="sm-94">
         <name>readGyro</name>
         <value>0x6b1</value>
         <object_component_ref idref="oc-e5"/>
      </symbol>
      <symbol id="sm-95">
         <name>delay</name>
         <value>0x26d</value>
         <object_component_ref idref="oc-e5"/>
      </symbol>
      <symbol id="sm-96">
         <name>GyroMeasError</name>
         <value>0x20000564</value>
         <object_component_ref idref="oc-1ac"/>
      </symbol>
      <symbol id="sm-97">
         <name>initMPU9250</name>
         <value>0x297</value>
         <object_component_ref idref="oc-e5"/>
      </symbol>
      <symbol id="sm-98">
         <name>zeta</name>
         <value>0x20000570</value>
         <object_component_ref idref="oc-1ac"/>
      </symbol>
      <symbol id="sm-99">
         <name>readMagnet</name>
         <value>0x5af</value>
         <object_component_ref idref="oc-e5"/>
      </symbol>
      <symbol id="sm-b5">
         <name>float2String</name>
         <value>0x21d1</value>
         <object_component_ref idref="oc-eb"/>
      </symbol>
      <symbol id="sm-df">
         <name>i2cReadData</name>
         <value>0x1dcd</value>
         <object_component_ref idref="oc-d3"/>
      </symbol>
      <symbol id="sm-e0">
         <name>i2cWriteData</name>
         <value>0x1cd7</value>
         <object_component_ref idref="oc-d3"/>
      </symbol>
      <symbol id="sm-e1">
         <name>i2cWrite</name>
         <value>0x1cb5</value>
         <object_component_ref idref="oc-d3"/>
      </symbol>
      <symbol id="sm-e2">
         <name>initI2C</name>
         <value>0x1c69</value>
         <object_component_ref idref="oc-d3"/>
      </symbol>
      <symbol id="sm-e3">
         <name>i2cRead</name>
         <value>0x1d73</value>
         <object_component_ref idref="oc-d3"/>
      </symbol>
      <symbol id="sm-136">
         <name>accelSens</name>
         <value>0x20000000</value>
      </symbol>
      <symbol id="sm-137">
         <name>accel</name>
         <value>0x20000314</value>
      </symbol>
      <symbol id="sm-138">
         <name>gyro</name>
         <value>0x2000031c</value>
      </symbol>
      <symbol id="sm-139">
         <name>mag</name>
         <value>0x20000324</value>
      </symbol>
      <symbol id="sm-13a">
         <name>accelOffset</name>
         <value>0x200002e4</value>
      </symbol>
      <symbol id="sm-13b">
         <name>gyroOffset</name>
         <value>0x200002fc</value>
      </symbol>
      <symbol id="sm-13c">
         <name>a</name>
         <value>0x200002d8</value>
      </symbol>
      <symbol id="sm-13d">
         <name>g</name>
         <value>0x200002f0</value>
      </symbol>
      <symbol id="sm-13e">
         <name>m</name>
         <value>0x20000308</value>
      </symbol>
      <symbol id="sm-13f">
         <name>axstring</name>
         <value>0x20000034</value>
      </symbol>
      <symbol id="sm-140">
         <name>aystring</name>
         <value>0x20000068</value>
      </symbol>
      <symbol id="sm-141">
         <name>azstring</name>
         <value>0x2000009c</value>
      </symbol>
      <symbol id="sm-142">
         <name>gxstring</name>
         <value>0x200000d0</value>
      </symbol>
      <symbol id="sm-143">
         <name>gystring</name>
         <value>0x20000104</value>
      </symbol>
      <symbol id="sm-144">
         <name>gzstring</name>
         <value>0x20000138</value>
      </symbol>
      <symbol id="sm-145">
         <name>mxstring</name>
         <value>0x2000016c</value>
      </symbol>
      <symbol id="sm-146">
         <name>mystring</name>
         <value>0x200001a0</value>
      </symbol>
      <symbol id="sm-147">
         <name>mzstring</name>
         <value>0x200001d4</value>
      </symbol>
      <symbol id="sm-148">
         <name>q1string</name>
         <value>0x20000208</value>
      </symbol>
      <symbol id="sm-149">
         <name>q2string</name>
         <value>0x2000023c</value>
      </symbol>
      <symbol id="sm-14a">
         <name>q3string</name>
         <value>0x20000270</value>
      </symbol>
      <symbol id="sm-14b">
         <name>q4string</name>
         <value>0x200002a4</value>
      </symbol>
      <symbol id="sm-14c">
         <name>magSensitivity</name>
         <value>0x200005b4</value>
         <object_component_ref idref="oc-100"/>
      </symbol>
      <symbol id="sm-14d">
         <name>magOffset</name>
         <value>0x200005a0</value>
         <object_component_ref idref="oc-fc"/>
      </symbol>
      <symbol id="sm-14e">
         <name>accelSensitivity</name>
         <value>0x200005ac</value>
         <object_component_ref idref="oc-100"/>
      </symbol>
      <symbol id="sm-14f">
         <name>gyroSensitivity</name>
         <value>0x200005b0</value>
         <object_component_ref idref="oc-100"/>
      </symbol>
      <symbol id="sm-150">
         <name>main</name>
         <value>0x18f9</value>
         <object_component_ref idref="oc-ab"/>
      </symbol>
      <symbol id="sm-16c">
         <name>ResetISR</name>
         <value>0x2fa3</value>
         <object_component_ref idref="oc-2b"/>
      </symbol>
      <symbol id="sm-16d">
         <name>g_pfnVectors</name>
         <value>0x0</value>
         <object_component_ref idref="oc-f"/>
      </symbol>
      <symbol id="sm-17c">
         <name>ConfigureUART</name>
         <value>0x2cc1</value>
         <object_component_ref idref="oc-d9"/>
      </symbol>
      <symbol id="sm-1eb">
         <name>UARTgetc</name>
         <value>0x15a3</value>
         <object_component_ref idref="oc-f1"/>
      </symbol>
      <symbol id="sm-1ec">
         <name>UARTgets</name>
         <value>0x14e9</value>
         <object_component_ref idref="oc-f1"/>
      </symbol>
      <symbol id="sm-1ed">
         <name>UARTStdioConfig</name>
         <value>0x145d</value>
         <object_component_ref idref="oc-f1"/>
      </symbol>
      <symbol id="sm-1ee">
         <name>UARTwrite</name>
         <value>0x14a3</value>
         <object_component_ref idref="oc-f1"/>
      </symbol>
      <symbol id="sm-1ef">
         <name>UARTprintf</name>
         <value>0x18c3</value>
         <object_component_ref idref="oc-f1"/>
      </symbol>
      <symbol id="sm-1f0">
         <name>UARTvprintf</name>
         <value>0x15c9</value>
         <object_component_ref idref="oc-f1"/>
      </symbol>
      <symbol id="sm-1fc">
         <name>FPUEnable</name>
         <value>0x2f85</value>
         <object_component_ref idref="oc-df"/>
      </symbol>
      <symbol id="sm-23e">
         <name>GPIOPinConfigure</name>
         <value>0x2d0d</value>
         <object_component_ref idref="oc-13e"/>
      </symbol>
      <symbol id="sm-23f">
         <name>GPIOPinTypeI2CSCL</name>
         <value>0x2f5f</value>
         <object_component_ref idref="oc-144"/>
      </symbol>
      <symbol id="sm-240">
         <name>GPIOPinTypeI2C</name>
         <value>0x2f4d</value>
         <object_component_ref idref="oc-14a"/>
      </symbol>
      <symbol id="sm-241">
         <name>GPIOPinTypeUART</name>
         <value>0x2f71</value>
         <object_component_ref idref="oc-181"/>
      </symbol>
      <symbol id="sm-242">
         <name>GPIODirModeSet</name>
         <value>0x2eaf</value>
         <object_component_ref idref="oc-20d"/>
      </symbol>
      <symbol id="sm-243">
         <name>GPIOPadConfigSet</name>
         <value>0x246b</value>
         <object_component_ref idref="oc-213"/>
      </symbol>
      <symbol id="sm-284">
         <name>I2CMasterDataPut</name>
         <value>0x2ff7</value>
         <object_component_ref idref="oc-162"/>
      </symbol>
      <symbol id="sm-285">
         <name>I2CMasterInitExpClk</name>
         <value>0x2c29</value>
         <object_component_ref idref="oc-156"/>
      </symbol>
      <symbol id="sm-286">
         <name>I2CMasterSlaveAddrSet</name>
         <value>0x2fd5</value>
         <object_component_ref idref="oc-15c"/>
      </symbol>
      <symbol id="sm-287">
         <name>I2CMasterDataGet</name>
         <value>0x2ff3</value>
         <object_component_ref idref="oc-174"/>
      </symbol>
      <symbol id="sm-288">
         <name>I2CMasterControl</name>
         <value>0x2fef</value>
         <object_component_ref idref="oc-168"/>
      </symbol>
      <symbol id="sm-289">
         <name>I2CMasterBusy</name>
         <value>0x2fcd</value>
         <object_component_ref idref="oc-16e"/>
      </symbol>
      <symbol id="sm-28a">
         <name>I2CMasterEnable</name>
         <value>0x2faf</value>
         <object_component_ref idref="oc-21f"/>
      </symbol>
      <symbol id="sm-2e8">
         <name>SysCtlPeripheralPresent</name>
         <value>0x2ddd</value>
         <object_component_ref idref="oc-1bf"/>
      </symbol>
      <symbol id="sm-2e9">
         <name>SysCtlClockSet</name>
         <value>0x27a9</value>
         <object_component_ref idref="oc-cd"/>
      </symbol>
      <symbol id="sm-2ea">
         <name>SysCtlDelay</name>
         <value>0x2fdd</value>
         <object_component_ref idref="oc-f7"/>
      </symbol>
      <symbol id="sm-2eb">
         <name>SysCtlPeripheralEnable</name>
         <value>0x2e4d</value>
         <object_component_ref idref="oc-138"/>
      </symbol>
      <symbol id="sm-2ec">
         <name>SysCtlClockGet</name>
         <value>0x259d</value>
         <object_component_ref idref="oc-150"/>
      </symbol>
      <symbol id="sm-327">
         <name>UARTConfigSetExpClk</name>
         <value>0x2d55</value>
         <object_component_ref idref="oc-1c5"/>
      </symbol>
      <symbol id="sm-328">
         <name>UARTDisable</name>
         <value>0x2ed9</value>
         <object_component_ref idref="oc-25a"/>
      </symbol>
      <symbol id="sm-329">
         <name>UARTClockSourceSet</name>
         <value>0x2fe3</value>
         <object_component_ref idref="oc-187"/>
      </symbol>
      <symbol id="sm-32a">
         <name>UARTCharPut</name>
         <value>0x2fc3</value>
         <object_component_ref idref="oc-1d1"/>
      </symbol>
      <symbol id="sm-32b">
         <name>UARTEnable</name>
         <value>0x2f11</value>
         <object_component_ref idref="oc-1cb"/>
      </symbol>
      <symbol id="sm-32c">
         <name>UARTCharGet</name>
         <value>0x2fb9</value>
         <object_component_ref idref="oc-1d7"/>
      </symbol>
      <symbol id="sm-33e">
         <name>_c_int00</name>
         <value>0x2b81</value>
         <object_component_ref idref="oc-24"/>
      </symbol>
      <symbol id="sm-33f">
         <name>__stack</name>
         <value>0x2000032c</value>
         <object_component_ref idref="oc-2a"/>
      </symbol>
      <symbol id="sm-356">
         <name>__TI_decompress_none</name>
         <value>0x2f95</value>
         <object_component_ref idref="oc-12"/>
      </symbol>
      <symbol id="sm-37e">
         <name>__TI_decompress_rle24</name>
         <value>0x2fe9</value>
         <object_component_ref idref="oc-18"/>
      </symbol>
      <symbol id="sm-3a8">
         <name>sqrtl</name>
         <value>0x2061</value>
         <object_component_ref idref="oc-1a6"/>
      </symbol>
      <symbol id="sm-3a9">
         <name>sqrt</name>
         <value>0x2061</value>
         <object_component_ref idref="oc-1a6"/>
      </symbol>
      <symbol id="sm-3b1">
         <name>errno</name>
         <value>0x200005c8</value>
         <object_component_ref idref="oc-241"/>
      </symbol>
      <symbol id="sm-3d2">
         <name>C$$EXIT</name>
         <value>0x2bd5</value>
         <object_component_ref idref="oc-71"/>
      </symbol>
      <symbol id="sm-3d3">
         <name>abort</name>
         <value>0x2bd9</value>
         <object_component_ref idref="oc-71"/>
      </symbol>
      <symbol id="sm-3d4">
         <name>exit</name>
         <value>0x2be1</value>
         <object_component_ref idref="oc-71"/>
      </symbol>
      <symbol id="sm-3d5">
         <name>__TI_dtors_ptr</name>
         <value>0x20000598</value>
         <object_component_ref idref="oc-b3"/>
      </symbol>
      <symbol id="sm-3d6">
         <name>__TI_cleanup_ptr</name>
         <value>0x20000594</value>
         <object_component_ref idref="oc-b3"/>
      </symbol>
      <symbol id="sm-3d7">
         <name>__TI_enable_exit_profile_output</name>
         <value>0x2000059c</value>
         <object_component_ref idref="oc-b3"/>
      </symbol>
      <symbol id="sm-3ee">
         <name>__aeabi_dsub</name>
         <value>0x1ea9</value>
         <object_component_ref idref="oc-1b2"/>
      </symbol>
      <symbol id="sm-3ef">
         <name>__aeabi_dadd</name>
         <value>0x1eb3</value>
         <object_component_ref idref="oc-1b2"/>
      </symbol>
      <symbol id="sm-401">
         <name>__aeabi_cdrcmple</name>
         <value>0x2939</value>
         <object_component_ref idref="oc-23c"/>
      </symbol>
      <symbol id="sm-415">
         <name>__aeabi_ddiv</name>
         <value>0x2335</value>
         <object_component_ref idref="oc-194"/>
      </symbol>
      <symbol id="sm-420">
         <name>__aeabi_dmul</name>
         <value>0x26ad</value>
         <object_component_ref idref="oc-237"/>
      </symbol>
      <symbol id="sm-42c">
         <name>__aeabi_d2f</name>
         <value>0x2aa9</value>
         <object_component_ref idref="oc-199"/>
      </symbol>
      <symbol id="sm-437">
         <name>__aeabi_f2d</name>
         <value>0x2e15</value>
         <object_component_ref idref="oc-1a1"/>
      </symbol>
      <symbol id="sm-441">
         <name>__aeabi_i2d</name>
         <value>0x2e81</value>
         <object_component_ref idref="oc-18f"/>
      </symbol>
      <symbol id="sm-45c">
         <name>memcpy</name>
         <value>0x289d</value>
         <object_component_ref idref="oc-34"/>
      </symbol>
      <symbol id="sm-45d">
         <name>__aeabi_memcpy</name>
         <value>0x289d</value>
         <object_component_ref idref="oc-34"/>
      </symbol>
      <symbol id="sm-45e">
         <name>__aeabi_memcpy8</name>
         <value>0x289d</value>
         <object_component_ref idref="oc-34"/>
      </symbol>
      <symbol id="sm-45f">
         <name>__aeabi_memcpy4</name>
         <value>0x289d</value>
         <object_component_ref idref="oc-34"/>
      </symbol>
      <symbol id="sm-46e">
         <name>__aeabi_memset</name>
         <value>0x29c1</value>
         <object_component_ref idref="oc-4d"/>
      </symbol>
      <symbol id="sm-46f">
         <name>memset</name>
         <value>0x29c7</value>
         <object_component_ref idref="oc-4d"/>
      </symbol>
      <symbol id="sm-470">
         <name>__aeabi_memset8</name>
         <value>0x29c1</value>
         <object_component_ref idref="oc-4d"/>
      </symbol>
      <symbol id="sm-471">
         <name>__aeabi_memset4</name>
         <value>0x29c1</value>
         <object_component_ref idref="oc-4d"/>
      </symbol>
      <symbol id="sm-472">
         <name>__aeabi_memclr8</name>
         <value>0x29bf</value>
         <object_component_ref idref="oc-4d"/>
      </symbol>
      <symbol id="sm-473">
         <name>__aeabi_memclr4</name>
         <value>0x29bf</value>
         <object_component_ref idref="oc-4d"/>
      </symbol>
      <symbol id="sm-474">
         <name>__aeabi_memclr</name>
         <value>0x29bf</value>
         <object_component_ref idref="oc-4d"/>
      </symbol>
      <symbol id="sm-47e">
         <name>__mpu_init</name>
         <value>0x2ddb</value>
         <object_component_ref idref="oc-59"/>
      </symbol>
      <symbol id="sm-488">
         <name>_system_pre_init</name>
         <value>0x2ffb</value>
         <object_component_ref idref="oc-5f"/>
      </symbol>
      <symbol id="sm-490">
         <name>main_func_sp</name>
         <value>0x200005cc</value>
         <object_component_ref idref="oc-77"/>
      </symbol>
      <symbol id="sm-49e">
         <name>strlen</name>
         <value>0x2f39</value>
         <object_component_ref idref="oc-1b7"/>
      </symbol>
      <symbol id="sm-4ad">
         <name>__aeabi_uidivmod</name>
         <value>0x2d9b</value>
         <object_component_ref idref="oc-1e6"/>
      </symbol>
      <symbol id="sm-4ae">
         <name>__aeabi_uidiv</name>
         <value>0x2d9b</value>
         <object_component_ref idref="oc-1e6"/>
      </symbol>
      <symbol id="sm-4c7">
         <name>_nop</name>
         <value>0x2f33</value>
         <object_component_ref idref="oc-123"/>
      </symbol>
      <symbol id="sm-4c8">
         <name>_lock</name>
         <value>0x200005b8</value>
         <object_component_ref idref="oc-b6"/>
      </symbol>
      <symbol id="sm-4c9">
         <name>_unlock</name>
         <value>0x200005bc</value>
         <object_component_ref idref="oc-b6"/>
      </symbol>
      <symbol id="sm-4ca">
         <name>_register_lock</name>
         <value>0x2f2b</value>
         <object_component_ref idref="oc-123"/>
      </symbol>
      <symbol id="sm-4cb">
         <name>_register_unlock</name>
         <value>0x2f25</value>
         <object_component_ref idref="oc-123"/>
      </symbol>
      <symbol id="sm-4df">
         <name>_args_main</name>
         <value>0x2ef9</value>
         <object_component_ref idref="oc-6b"/>
      </symbol>
      <symbol id="sm-504">
         <name>__TI_auto_init</name>
         <value>0x2a39</value>
         <object_component_ref idref="oc-65"/>
      </symbol>
      <symbol id="sm-51e">
         <name>copy_in</name>
         <value>0x2c75</value>
         <object_component_ref idref="oc-9d"/>
      </symbol>
      <symbol id="sm-528">
         <name>__aeabi_idiv0</name>
         <value>0x205f</value>
         <object_component_ref idref="oc-26a"/>
      </symbol>
      <symbol id="sm-532">
         <name>_system_post_cinit</name>
         <value>0x2f83</value>
         <object_component_ref idref="oc-a3"/>
      </symbol>
      <symbol id="sm-533">
         <name>__TI_static_base__</name>
         <value>0x0</value>
      </symbol>
      <symbol id="sm-536">
         <name>SHT$$INIT_ARRAY$$Limit</name>
         <value>0x0</value>
      </symbol>
      <symbol id="sm-537">
         <name>SHT$$INIT_ARRAY$$Base</name>
         <value>0x0</value>
      </symbol>
   </symbol_table>
   <title>Link successful</title>
</link_info>
